Archive member included to satisfy reference by file (symbol)

C:\CooCox\CoIDE_V2Beta\workspace\Nucleo_Prj/mbed/TARGET_NUCLEO_L053R8/TOOLCHAIN_GCC_ARM\libmbed.a(serial_api.o)
                              C:\CooCox\CoIDE_V2Beta\workspace\Nucleo_Prj/mbed/TARGET_NUCLEO_L053R8/TOOLCHAIN_GCC_ARM/mbed_board.o (serial_init)
C:\CooCox\CoIDE_V2Beta\workspace\Nucleo_Prj/mbed/TARGET_NUCLEO_L053R8/TOOLCHAIN_GCC_ARM\libmbed.a(us_ticker.o)
                              C:\CooCox\CoIDE_V2Beta\workspace\Nucleo_Prj/mbed/TARGET_NUCLEO_L053R8/TOOLCHAIN_GCC_ARM/hal_tick.o (set_compare)
C:\CooCox\CoIDE_V2Beta\workspace\Nucleo_Prj/mbed/TARGET_NUCLEO_L053R8/TOOLCHAIN_GCC_ARM\libmbed.a(FileSystemLike.o)
                              C:\CooCox\CoIDE_V2Beta\workspace\Nucleo_Prj/mbed/TARGET_NUCLEO_L053R8/TOOLCHAIN_GCC_ARM/retarget.o (mbed::FileSystemLike::opendir())
C:\CooCox\CoIDE_V2Beta\workspace\Nucleo_Prj/mbed/TARGET_NUCLEO_L053R8/TOOLCHAIN_GCC_ARM\libmbed.a(FilePath.o)
                              C:\CooCox\CoIDE_V2Beta\workspace\Nucleo_Prj/mbed/TARGET_NUCLEO_L053R8/TOOLCHAIN_GCC_ARM/retarget.o (mbed::FilePath::FilePath(char const*))
C:\CooCox\CoIDE_V2Beta\workspace\Nucleo_Prj/mbed/TARGET_NUCLEO_L053R8/TOOLCHAIN_GCC_ARM\libmbed.a(mbed_assert.o)
                              C:\CooCox\CoIDE_V2Beta\workspace\Nucleo_Prj/mbed/TARGET_NUCLEO_L053R8/TOOLCHAIN_GCC_ARM/retarget.o (mbed_assert_internal)
C:\CooCox\CoIDE_V2Beta\workspace\Nucleo_Prj/mbed/TARGET_NUCLEO_L053R8/TOOLCHAIN_GCC_ARM\libmbed.a(mbed_error.o)
                              C:\CooCox\CoIDE_V2Beta\workspace\Nucleo_Prj/mbed/TARGET_NUCLEO_L053R8/TOOLCHAIN_GCC_ARM/retarget.o (error)
C:\CooCox\CoIDE_V2Beta\workspace\Nucleo_Prj/mbed/TARGET_NUCLEO_L053R8/TOOLCHAIN_GCC_ARM\libmbed.a(mbed_critical.o)
                              C:\CooCox\CoIDE_V2Beta\workspace\Nucleo_Prj/mbed/TARGET_NUCLEO_L053R8/TOOLCHAIN_GCC_ARM/mbed_board.o (core_util_critical_section_enter)
C:\CooCox\CoIDE_V2Beta\workspace\Nucleo_Prj/mbed/TARGET_NUCLEO_L053R8/TOOLCHAIN_GCC_ARM\libmbed.a(mbed_gpio.o)
                              ..\obj\main.o (gpio_init_out)
C:\CooCox\CoIDE_V2Beta\workspace\Nucleo_Prj/mbed/TARGET_NUCLEO_L053R8/TOOLCHAIN_GCC_ARM\libmbed.a(mbed_pinmap_common.o)
                              C:\CooCox\CoIDE_V2Beta\workspace\Nucleo_Prj/mbed/TARGET_NUCLEO_L053R8/TOOLCHAIN_GCC_ARM\libmbed.a(serial_api.o) (pinmap_pinout)
C:\CooCox\CoIDE_V2Beta\workspace\Nucleo_Prj/mbed/TARGET_NUCLEO_L053R8/TOOLCHAIN_GCC_ARM\libmbed.a(mbed_us_ticker_api.o)
                              C:\CooCox\CoIDE_V2Beta\workspace\Nucleo_Prj/mbed/TARGET_NUCLEO_L053R8/TOOLCHAIN_GCC_ARM/hal_tick.o (us_ticker_irq_handler)
C:\CooCox\CoIDE_V2Beta\workspace\Nucleo_Prj/mbed/TARGET_NUCLEO_L053R8/TOOLCHAIN_GCC_ARM\libmbed.a(mbed_wait_api.o)
                              ..\obj\main.o (wait)
C:\CooCox\CoIDE_V2Beta\workspace\Nucleo_Prj/mbed/TARGET_NUCLEO_L053R8/TOOLCHAIN_GCC_ARM\libmbed.a(PeripheralPins.o)
                              C:\CooCox\CoIDE_V2Beta\workspace\Nucleo_Prj/mbed/TARGET_NUCLEO_L053R8/TOOLCHAIN_GCC_ARM\libmbed.a(serial_api.o) (PinMap_UART_RX)
C:\CooCox\CoIDE_V2Beta\workspace\Nucleo_Prj/mbed/TARGET_NUCLEO_L053R8/TOOLCHAIN_GCC_ARM\libmbed.a(gpio_api.o)
                              C:\CooCox\CoIDE_V2Beta\workspace\Nucleo_Prj/mbed/TARGET_NUCLEO_L053R8/TOOLCHAIN_GCC_ARM\libmbed.a(mbed_gpio.o) (gpio_init)
C:\CooCox\CoIDE_V2Beta\workspace\Nucleo_Prj/mbed/TARGET_NUCLEO_L053R8/TOOLCHAIN_GCC_ARM\libmbed.a(pinmap.o)
                              C:\CooCox\CoIDE_V2Beta\workspace\Nucleo_Prj/mbed/TARGET_NUCLEO_L053R8/TOOLCHAIN_GCC_ARM\libmbed.a(gpio_api.o) (Set_GPIO_Clock)
C:\CooCox\CoIDE_V2Beta\workspace\Nucleo_Prj/mbed/TARGET_NUCLEO_L053R8/TOOLCHAIN_GCC_ARM\libmbed.a(FileBase.o)
                              C:\CooCox\CoIDE_V2Beta\workspace\Nucleo_Prj/mbed/TARGET_NUCLEO_L053R8/TOOLCHAIN_GCC_ARM\libmbed.a(FileSystemLike.o) (mbed::FileBase::getName())
C:\CooCox\CoIDE_V2Beta\workspace\Nucleo_Prj/mbed/TARGET_NUCLEO_L053R8/TOOLCHAIN_GCC_ARM\libmbed.a(mbed_ticker_api.o)
                              C:\CooCox\CoIDE_V2Beta\workspace\Nucleo_Prj/mbed/TARGET_NUCLEO_L053R8/TOOLCHAIN_GCC_ARM\libmbed.a(mbed_us_ticker_api.o) (ticker_irq_handler)
c:/program files (x86)/gnu tools arm embedded/5.4 2016q2/bin/../lib/gcc/arm-none-eabi/5.4.1/../../../../arm-none-eabi/lib/armv6-m\libstdc++_nano.a(del_op.o)
                              C:\CooCox\CoIDE_V2Beta\workspace\Nucleo_Prj/mbed/TARGET_NUCLEO_L053R8/TOOLCHAIN_GCC_ARM/retarget.o (operator delete(void*))
c:/program files (x86)/gnu tools arm embedded/5.4 2016q2/bin/../lib/gcc/arm-none-eabi/5.4.1/../../../../arm-none-eabi/lib/armv6-m\libstdc++_nano.a(new_op.o)
                              C:\CooCox\CoIDE_V2Beta\workspace\Nucleo_Prj/mbed/TARGET_NUCLEO_L053R8/TOOLCHAIN_GCC_ARM\libmbed.a(FileSystemLike.o) (operator new(unsigned int))
c:/program files (x86)/gnu tools arm embedded/5.4 2016q2/bin/../lib/gcc/arm-none-eabi/5.4.1/../../../../arm-none-eabi/lib/armv6-m\libstdc++_nano.a(new_handler.o)
[...]
Memory Configuration

Name             Origin             Length             Attributes
FLASH            0x08000000         0x00010000         xr
RAM              0x200000c0         0x00001f40         xrw
*default*        0x00000000         0xffffffff

Linker script and memory map

LOAD c:/program files (x86)/gnu tools arm embedded/5.4 2016q2/bin/../lib/gcc/arm-none-eabi/5.4.1/armv6-m/crti.o
LOAD c:/program files (x86)/gnu tools arm embedded/5.4 2016q2/bin/../lib/gcc/arm-none-eabi/5.4.1/armv6-m/crtbegin.o
LOAD c:/program files (x86)/gnu tools arm embedded/5.4 2016q2/bin/../lib/gcc/arm-none-eabi/5.4.1/../../../../arm-none-eabi/lib/armv6-m/crt0.o
LOAD C:\CooCox\CoIDE_V2Beta\workspace\Nucleo_Prj/mbed/TARGET_NUCLEO_L053R8/TOOLCHAIN_GCC_ARM/stm32l0xx_hal_flash_ramfunc.o
LOAD C:\CooCox\CoIDE_V2Beta\workspace\Nucleo_Prj/mbed/TARGET_NUCLEO_L053R8/TOOLCHAIN_GCC_ARM/cmsis_nvic.o
LOAD C:\CooCox\CoIDE_V2Beta\workspace\Nucleo_Prj/mbed/TARGET_NUCLEO_L053R8/TOOLCHAIN_GCC_ARM/hal_tick.o
LOAD C:\CooCox\CoIDE_V2Beta\workspace\Nucleo_Prj/mbed/TARGET_NUCLEO_L053R8/TOOLCHAIN_GCC_ARM/mbed_board.o
LOAD C:\CooCox\CoIDE_V2Beta\workspace\Nucleo_Prj/mbed/TARGET_NUCLEO_L053R8/TOOLCHAIN_GCC_ARM/mbed_overrides.o
LOAD C:\CooCox\CoIDE_V2Beta\workspace\Nucleo_Prj/mbed/TARGET_NUCLEO_L053R8/TOOLCHAIN_GCC_ARM/retarget.o
LOAD C:\CooCox\CoIDE_V2Beta\workspace\Nucleo_Prj/mbed/TARGET_NUCLEO_L053R8/TOOLCHAIN_GCC_ARM/startup_stm32l053xx.o
LOAD C:\CooCox\CoIDE_V2Beta\workspace\Nucleo_Prj/mbed/TARGET_NUCLEO_L053R8/TOOLCHAIN_GCC_ARM/stm32l0xx_hal.o
LOAD C:\CooCox\CoIDE_V2Beta\workspace\Nucleo_Prj/mbed/TARGET_NUCLEO_L053R8/TOOLCHAIN_GCC_ARM/stm32l0xx_hal_adc.o
LOAD C:\CooCox\CoIDE_V2Beta\workspace\Nucleo_Prj/mbed/TARGET_NUCLEO_L053R8/TOOLCHAIN_GCC_ARM/stm32l0xx_hal_adc_ex.o
LOAD C:\CooCox\CoIDE_V2Beta\workspace\Nucleo_Prj/mbed/TARGET_NUCLEO_L053R8/TOOLCHAIN_GCC_ARM/stm32l0xx_hal_comp.o
LOAD C:\CooCox\CoIDE_V2Beta\workspace\Nucleo_Prj/mbed/TARGET_NUCLEO_L053R8/TOOLCHAIN_GCC_ARM/stm32l0xx_hal_comp_ex.o
LOAD C:\CooCox\CoIDE_V2Beta\workspace\Nucleo_Prj/mbed/TARGET_NUCLEO_L053R8/TOOLCHAIN_GCC_ARM/stm32l0xx_hal_cortex.o
LOAD C:\CooCox\CoIDE_V2Beta\workspace\Nucleo_Prj/mbed/TARGET_NUCLEO_L053R8/TOOLCHAIN_GCC_ARM/stm32l0xx_hal_crc.o
LOAD C:\CooCox\CoIDE_V2Beta\workspace\Nucleo_Prj/mbed/TARGET_NUCLEO_L053R8/TOOLCHAIN_GCC_ARM/stm32l0xx_hal_crc_ex.o
LOAD C:\CooCox\CoIDE_V2Beta\workspace\Nucleo_Prj/mbed/TARGET_NUCLEO_L053R8/TOOLCHAIN_GCC_ARM/stm32l0xx_hal_cryp.o
LOAD C:\CooCox\CoIDE_V2Beta\workspace\Nucleo_Prj/mbed/TARGET_NUCLEO_L053R8/TOOLCHAIN_GCC_ARM/stm32l0xx_hal_cryp_ex.o
LOAD C:\CooCox\CoIDE_V2Beta\workspace\Nucleo_Prj/mbed/TARGET_NUCLEO_L053R8/TOOLCHAIN_GCC_ARM/stm32l0xx_hal_dac.o
LOAD C:\CooCox\CoIDE_V2Beta\workspace\Nucleo_Prj/mbed/TARGET_NUCLEO_L053R8/TOOLCHAIN_GCC_ARM/stm32l0xx_hal_dac_ex.o
LOAD C:\CooCox\CoIDE_V2Beta\workspace\Nucleo_Prj/mbed/TARGET_NUCLEO_L053R8/TOOLCHAIN_GCC_ARM/stm32l0xx_hal_dma.o
LOAD C:\CooCox\CoIDE_V2Beta\workspace\Nucleo_Prj/mbed/TARGET_NUCLEO_L053R8/TOOLCHAIN_GCC_ARM/stm32l0xx_hal_firewall.o
LOAD C:\CooCox\CoIDE_V2Beta\workspace\Nucleo_Prj/mbed/TARGET_NUCLEO_L053R8/TOOLCHAIN_GCC_ARM/stm32l0xx_hal_flash.o
LOAD C:\CooCox\CoIDE_V2Beta\workspace\Nucleo_Prj/mbed/TARGET_NUCLEO_L053R8/TOOLCHAIN_GCC_ARM/stm32l0xx_hal_flash_ex.o
LOAD C:\CooCox\CoIDE_V2Beta\workspace\Nucleo_Prj/mbed/TARGET_NUCLEO_L053R8/TOOLCHAIN_GCC_ARM/stm32l0xx_hal_smartcard.o
LOAD C:\CooCox\CoIDE_V2Beta\workspace\Nucleo_Prj/mbed/TARGET_NUCLEO_L053R8/TOOLCHAIN_GCC_ARM/stm32l0xx_hal_gpio.o
LOAD C:\CooCox\CoIDE_V2Beta\workspace\Nucleo_Prj/mbed/TARGET_NUCLEO_L053R8/TOOLCHAIN_GCC_ARM/stm32l0xx_hal_i2c.o
LOAD C:\CooCox\CoIDE_V2Beta\workspace\Nucleo_Prj/mbed/TARGET_NUCLEO_L053R8/TOOLCHAIN_GCC_ARM/stm32l0xx_hal_i2c_ex.o
LOAD C:\CooCox\CoIDE_V2Beta\workspace\Nucleo_Prj/mbed/TARGET_NUCLEO_L053R8/TOOLCHAIN_GCC_ARM/stm32l0xx_hal_i2s.o
LOAD C:\CooCox\CoIDE_V2Beta\workspace\Nucleo_Prj/mbed/TARGET_NUCLEO_L053R8/TOOLCHAIN_GCC_ARM/stm32l0xx_hal_irda.o
LOAD C:\CooCox\CoIDE_V2Beta\workspace\Nucleo_Prj/mbed/TARGET_NUCLEO_L053R8/TOOLCHAIN_GCC_ARM/stm32l0xx_hal_iwdg.o
LOAD C:\CooCox\CoIDE_V2Beta\workspace\Nucleo_Prj/mbed/TARGET_NUCLEO_L053R8/TOOLCHAIN_GCC_ARM/stm32l0xx_hal_lcd.o
LOAD C:\CooCox\CoIDE_V2Beta\workspace\Nucleo_Prj/mbed/TARGET_NUCLEO_L053R8/TOOLCHAIN_GCC_ARM/stm32l0xx_hal_lptim.o
LOAD C:\CooCox\CoIDE_V2Beta\workspace\Nucleo_Prj/mbed/TARGET_NUCLEO_L053R8/TOOLCHAIN_GCC_ARM/stm32l0xx_hal_pcd.o
LOAD C:\CooCox\CoIDE_V2Beta\workspace\Nucleo_Prj/mbed/TARGET_NUCLEO_L053R8/TOOLCHAIN_GCC_ARM/stm32l0xx_hal_pcd_ex.o
LOAD C:\CooCox\CoIDE_V2Beta\workspace\Nucleo_Prj/mbed/TARGET_NUCLEO_L053R8/TOOLCHAIN_GCC_ARM/stm32l0xx_hal_pwr.o
LOAD C:\CooCox\CoIDE_V2Beta\workspace\Nucleo_Prj/mbed/TARGET_NUCLEO_L053R8/TOOLCHAIN_GCC_ARM/stm32l0xx_hal_pwr_ex.o
LOAD C:\CooCox\CoIDE_V2Beta\workspace\Nucleo_Prj/mbed/TARGET_NUCLEO_L053R8/TOOLCHAIN_GCC_ARM/stm32l0xx_hal_rcc.o
LOAD C:\CooCox\CoIDE_V2Beta\workspace\Nucleo_Prj/mbed/TARGET_NUCLEO_L053R8/TOOLCHAIN_GCC_ARM/stm32l0xx_hal_rcc_ex.o
LOAD C:\CooCox\CoIDE_V2Beta\workspace\Nucleo_Prj/mbed/TARGET_NUCLEO_L053R8/TOOLCHAIN_GCC_ARM/stm32l0xx_hal_rng.o
LOAD C:\CooCox\CoIDE_V2Beta\workspace\Nucleo_Prj/mbed/TARGET_NUCLEO_L053R8/TOOLCHAIN_GCC_ARM/stm32l0xx_hal_rtc.o
LOAD C:\CooCox\CoIDE_V2Beta\workspace\Nucleo_Prj/mbed/TARGET_NUCLEO_L053R8/TOOLCHAIN_GCC_ARM/stm32l0xx_hal_rtc_ex.o
LOAD C:\CooCox\CoIDE_V2Beta\workspace\Nucleo_Prj/mbed/TARGET_NUCLEO_L053R8/TOOLCHAIN_GCC_ARM/stm32l0xx_hal_smartcard_ex.o
LOAD C:\CooCox\CoIDE_V2Beta\workspace\Nucleo_Prj/mbed/TARGET_NUCLEO_L053R8/TOOLCHAIN_GCC_ARM/stm32l0xx_hal_smbus.o
LOAD C:\CooCox\CoIDE_V2Beta\workspace\Nucleo_Prj/mbed/TARGET_NUCLEO_L053R8/TOOLCHAIN_GCC_ARM/stm32l0xx_hal_spi.o
LOAD C:\CooCox\CoIDE_V2Beta\workspace\Nucleo_Prj/mbed/TARGET_NUCLEO_L053R8/TOOLCHAIN_GCC_ARM/stm32l0xx_hal_tim.o
LOAD C:\CooCox\CoIDE_V2Beta\workspace\Nucleo_Prj/mbed/TARGET_NUCLEO_L053R8/TOOLCHAIN_GCC_ARM/stm32l0xx_hal_tim_ex.o
LOAD C:\CooCox\CoIDE_V2Beta\workspace\Nucleo_Prj/mbed/TARGET_NUCLEO_L053R8/TOOLCHAIN_GCC_ARM/stm32l0xx_hal_tsc.o
LOAD C:\CooCox\CoIDE_V2Beta\workspace\Nucleo_Prj/mbed/TARGET_NUCLEO_L053R8/TOOLCHAIN_GCC_ARM/stm32l0xx_hal_uart.o
LOAD C:\CooCox\CoIDE_V2Beta\workspace\Nucleo_Prj/mbed/TARGET_NUCLEO_L053R8/TOOLCHAIN_GCC_ARM/stm32l0xx_hal_uart_ex.o
LOAD C:\CooCox\CoIDE_V2Beta\workspace\Nucleo_Prj/mbed/TARGET_NUCLEO_L053R8/TOOLCHAIN_GCC_ARM/stm32l0xx_hal_usart.o
LOAD C:\CooCox\CoIDE_V2Beta\workspace\Nucleo_Prj/mbed/TARGET_NUCLEO_L053R8/TOOLCHAIN_GCC_ARM/stm32l0xx_hal_wwdg.o
LOAD C:\CooCox\CoIDE_V2Beta\workspace\Nucleo_Prj/mbed/TARGET_NUCLEO_L053R8/TOOLCHAIN_GCC_ARM/system_stm32l0xx.o

.text           0x08000000     0x4a14
 *(.isr_vector)
 .isr_vector    0x08000000       0xc0 C:\CooCox\CoIDE_V2Beta\workspace\Nucleo_Prj/mbed/TARGET_NUCLEO_L053R8/TOOLCHAIN_GCC_ARM/startup_stm32l053xx.o
                0x08000000                g_pfnVectors
 *(.text*)
 .text          0x080000c0       0x60 c:/program files (x86)/gnu tools arm embedded/5.4 2016q2/bin/../lib/gcc/arm-none-eabi/5.4.1/armv6-m/crtbegin.o
 .text          0x08000120       0x78 c:/program files (x86)/gnu tools arm embedded/5.4 2016q2/bin/../lib/gcc/arm-none-eabi/5.4.1/../../../../arm-none-eabi/lib/armv6-m/crt0.o
                0x08000120                _start
                0x08000120                _mainCRTStartup
 .text.NVIC_SetVector
                0x08000198       0x38 C:\CooCox\CoIDE_V2Beta\workspace\Nucleo_Prj/mbed/TARGET_NUCLEO_L053R8/TOOLCHAIN_GCC_ARM/cmsis_nvic.o
                0x08000198                NVIC_SetVector
 .text.timer_irq_handler
                0x080001d0       0xc8 C:\CooCox\CoIDE_V2Beta\workspace\Nucleo_Prj/mbed/TARGET_NUCLEO_L053R8/TOOLCHAIN_GCC_ARM/hal_tick.o
                0x080001d0                timer_irq_handler
 .text.HAL_InitTick
                0x08000298       0xac C:\CooCox\CoIDE_V2Beta\workspace\Nucleo_Prj/mbed/TARGET_NUCLEO_L053R8/TOOLCHAIN_GCC_ARM/hal_tick.o
                0x08000298                HAL_InitTick
 .text.mbed_die
                0x08000344       0x14 C:\CooCox\CoIDE_V2Beta\workspace\Nucleo_Prj/mbed/TARGET_NUCLEO_L053R8/TOOLCHAIN_GCC_ARM/mbed_board.o
                0x08000344                mbed_die
 .text.mbed_error_vfprintf
                0x08000358       0x54 C:\CooCox\CoIDE_V2Beta\workspace\Nucleo_Prj/mbed/TARGET_NUCLEO_L053R8/TOOLCHAIN_GCC_ARM/mbed_board.o
                0x08000358                mbed_error_vfprintf
 .text.mbed_error_printf
                0x080003ac       0x16 C:\CooCox\CoIDE_V2Beta\workspace\Nucleo_Prj/mbed/TARGET_NUCLEO_L053R8/TOOLCHAIN_GCC_ARM/mbed_board.o
                0x080003ac                mbed_error_printf
 .text.mbed_sdk_init
                0x080003c2        0x8 C:\CooCox\CoIDE_V2Beta\workspace\Nucleo_Prj/mbed/TARGET_NUCLEO_L053R8/TOOLCHAIN_GCC_ARM/mbed_overrides.o
                0x080003c2                mbed_sdk_init
 *fill*         0x080003ca        0x2 
 .text._ZL11init_serialv
                0x080003cc       0x20 C:\CooCox\CoIDE_V2Beta\workspace\Nucleo_Prj/mbed/TARGET_NUCLEO_L053R8/TOOLCHAIN_GCC_ARM/retarget.o
 .text._close   0x080003ec       0x2c C:\CooCox\CoIDE_V2Beta\workspace\Nucleo_Prj/mbed/TARGET_NUCLEO_L053R8/TOOLCHAIN_GCC_ARM/retarget.o
                0x080003ec                _close
 .text._write   0x08000418       0x54 C:\CooCox\CoIDE_V2Beta\workspace\Nucleo_Prj/mbed/TARGET_NUCLEO_L053R8/TOOLCHAIN_GCC_ARM/retarget.o
                0x08000418                _write
 .text._read    0x0800046c       0x48 C:\CooCox\CoIDE_V2Beta\workspace\Nucleo_Prj/mbed/TARGET_NUCLEO_L053R8/TOOLCHAIN_GCC_ARM/retarget.o
                0x0800046c                _read
 .text._lseek   0x080004b4       0x28 C:\CooCox\CoIDE_V2Beta\workspace\Nucleo_Prj/mbed/TARGET_NUCLEO_L053R8/TOOLCHAIN_GCC_ARM/retarget.o
                0x080004b4                _lseek
 .text.software_init_hook_rtos
                0x080004dc        0x2 C:\CooCox\CoIDE_V2Beta\workspace\Nucleo_Prj/mbed/TARGET_NUCLEO_L053R8/TOOLCHAIN_GCC_ARM/retarget.o
                0x080004dc                software_init_hook_rtos
 .text.software_init_hook
                0x080004de        0x8 C:\CooCox\CoIDE_V2Beta\workspace\Nucleo_Prj/mbed/TARGET_NUCLEO_L053R8/TOOLCHAIN_GCC_ARM/retarget.o
                0x080004de                software_init_hook
 .text.mbed_main
                0x080004e6        0x2 C:\CooCox\CoIDE_V2Beta\workspace\Nucleo_Prj/mbed/TARGET_NUCLEO_L053R8/TOOLCHAIN_GCC_ARM/retarget.o
                0x080004e6                mbed_main
 .text.__wrap_main
                0x080004e8       0x10 C:\CooCox\CoIDE_V2Beta\workspace\Nucleo_Prj/mbed/TARGET_NUCLEO_L053R8/TOOLCHAIN_GCC_ARM/retarget.o
                0x080004e8                __wrap_main
 .text._sbrk    0x080004f8       0x28 C:\CooCox\CoIDE_V2Beta\workspace\Nucleo_Prj/mbed/TARGET_NUCLEO_L053R8/TOOLCHAIN_GCC_ARM/retarget.o
                0x080004f8                _sbrk
 .text._exit    0x08000520       0x24 C:\CooCox\CoIDE_V2Beta\workspace\Nucleo_Prj/mbed/TARGET_NUCLEO_L053R8/TOOLCHAIN_GCC_ARM/retarget.o
                0x08000520                _exit
 .text.__rtos_malloc_lock
                0x08000544        0x2 C:\CooCox\CoIDE_V2Beta\workspace\Nucleo_Prj/mbed/TARGET_NUCLEO_L053R8/TOOLCHAIN_GCC_ARM/retarget.o
                0x08000544                __rtos_malloc_lock
 .text.__rtos_malloc_unlock
                0x08000546        0x2 C:\CooCox\CoIDE_V2Beta\workspace\Nucleo_Prj/mbed/TARGET_NUCLEO_L053R8/TOOLCHAIN_GCC_ARM/retarget.o
                0x08000546                __rtos_malloc_unlock
 .text.__malloc_lock
                0x08000548        0x8 C:\CooCox\CoIDE_V2Beta\workspace\Nucleo_Prj/mbed/TARGET_NUCLEO_L053R8/TOOLCHAIN_GCC_ARM/retarget.o
                0x08000548                __malloc_lock
 .text.__malloc_unlock
                0x08000550        0x8 C:\CooCox\CoIDE_V2Beta\workspace\Nucleo_Prj/mbed/TARGET_NUCLEO_L053R8/TOOLCHAIN_GCC_ARM/retarget.o
                0x08000550                __malloc_unlock
 .text.Reset_Handler
                0x08000558       0x4c C:\CooCox\CoIDE_V2Beta\workspace\Nucleo_Prj/mbed/TARGET_NUCLEO_L053R8/TOOLCHAIN_GCC_ARM/startup_stm32l053xx.o
                0x08000558                Reset_Handler
 .text.Default_Handler
                0x080005a4        0x2 C:\CooCox\CoIDE_V2Beta\workspace\Nucleo_Prj/mbed/TARGET_NUCLEO_L053R8/TOOLCHAIN_GCC_ARM/startup_stm32l053xx.o
                0x080005a4                TSC_IRQHandler
                0x080005a4                HardFault_Handler
                0x080005a4                ADC1_COMP_IRQHandler
                0x080005a4                SysTick_Handler
                0x080005a4                PVD_IRQHandler
                0x080005a4                PendSV_Handler
                0x080005a4                NMI_Handler
                0x080005a4                I2C1_IRQHandler
                0x080005a4                RCC_CRS_IRQHandler
                0x080005a4                SPI1_IRQHandler
                0x080005a4                TIM6_DAC_IRQHandler
                0x080005a4                EXTI2_3_IRQHandler
                0x080005a4                I2C2_IRQHandler
                0x080005a4                RTC_IRQHandler
                0x080005a4                LCD_IRQHandler
                0x080005a4                DMA1_Channel4_5_6_7_IRQHandler
                0x080005a4                EXTI4_15_IRQHandler
                0x080005a4                DMA1_Channel1_IRQHandler
                0x080005a4                Default_Handler
                0x080005a4                TIM22_IRQHandler
                0x080005a4                EXTI0_1_IRQHandler
                0x080005a4                USB_IRQHandler
                0x080005a4                SPI2_IRQHandler
                0x080005a4                SVC_Handler
                0x080005a4                TIM21_IRQHandler
                0x080005a4                WWDG_IRQHandler
                0x080005a4                TIM2_IRQHandler
                0x080005a4                DMA1_Channel2_3_IRQHandler
                0x080005a4                USART2_IRQHandler
                0x080005a4                FLASH_IRQHandler
                0x080005a4                USART1_IRQHandler
                0x080005a4                RNG_LPUART1_IRQHandler
                0x080005a4                LPTIM1_IRQHandler
 .text.HAL_MspInit
                0x080005a6        0x2 C:\CooCox\CoIDE_V2Beta\workspace\Nucleo_Prj/mbed/TARGET_NUCLEO_L053R8/TOOLCHAIN_GCC_ARM/stm32l0xx_hal.o
                0x080005a6                HAL_MspInit
 .text.HAL_Init
                0x080005a8       0x20 C:\CooCox\CoIDE_V2Beta\workspace\Nucleo_Prj/mbed/TARGET_NUCLEO_L053R8/TOOLCHAIN_GCC_ARM/stm32l0xx_hal.o
                0x080005a8                HAL_Init
 .text.HAL_IncTick
                0x080005c8       0x10 C:\CooCox\CoIDE_V2Beta\workspace\Nucleo_Prj/mbed/TARGET_NUCLEO_L053R8/TOOLCHAIN_GCC_ARM/stm32l0xx_hal.o
                0x080005c8                HAL_IncTick
 .text.HAL_GetTick
                0x080005d8        0xc C:\CooCox\CoIDE_V2Beta\workspace\Nucleo_Prj/mbed/TARGET_NUCLEO_L053R8/TOOLCHAIN_GCC_ARM/stm32l0xx_hal.o
                0x080005d8                HAL_GetTick
 .text.HAL_GPIO_Init
                0x080005e4      0x16c C:\CooCox\CoIDE_V2Beta\workspace\Nucleo_Prj/mbed/TARGET_NUCLEO_L053R8/TOOLCHAIN_GCC_ARM/stm32l0xx_hal_gpio.o
                0x080005e4                HAL_GPIO_Init
 .text.HAL_RCC_OscConfig
                0x08000750      0x480 C:\CooCox\CoIDE_V2Beta\workspace\Nucleo_Prj/mbed/TARGET_NUCLEO_L053R8/TOOLCHAIN_GCC_ARM/stm32l0xx_hal_rcc.o
                0x08000750                HAL_RCC_OscConfig
 .text.HAL_RCC_ClockConfig
                0x08000bd0      0x150 C:\CooCox\CoIDE_V2Beta\workspace\Nucleo_Prj/mbed/TARGET_NUCLEO_L053R8/TOOLCHAIN_GCC_ARM/stm32l0xx_hal_rcc.o
                0x08000bd0                HAL_RCC_ClockConfig
 .text.HAL_RCC_GetSysClockFreq
                0x08000d20       0x88 C:\CooCox\CoIDE_V2Beta\workspace\Nucleo_Prj/mbed/TARGET_NUCLEO_L053R8/TOOLCHAIN_GCC_ARM/stm32l0xx_hal_rcc.o
                0x08000d20                HAL_RCC_GetSysClockFreq
 .text.HAL_RCC_GetHCLKFreq
                0x08000da8       0x28 C:\CooCox\CoIDE_V2Beta\workspace\Nucleo_Prj/mbed/TARGET_NUCLEO_L053R8/TOOLCHAIN_GCC_ARM/stm32l0xx_hal_rcc.o
                0x08000da8                HAL_RCC_GetHCLKFreq
 .text.HAL_RCC_GetPCLK1Freq
                0x08000dd0       0x20 C:\CooCox\CoIDE_V2Beta\workspace\Nucleo_Prj/mbed/TARGET_NUCLEO_L053R8/TOOLCHAIN_GCC_ARM/stm32l0xx_hal_rcc.o
                0x08000dd0                HAL_RCC_GetPCLK1Freq
 .text.HAL_RCC_GetPCLK2Freq
                0x08000df0       0x20 C:\CooCox\CoIDE_V2Beta\workspace\Nucleo_Prj/mbed/TARGET_NUCLEO_L053R8/TOOLCHAIN_GCC_ARM/stm32l0xx_hal_rcc.o
                0x08000df0                HAL_RCC_GetPCLK2Freq
 .text.TIM_Base_SetConfig
                0x08000e10       0x58 C:\CooCox\CoIDE_V2Beta\workspace\Nucleo_Prj/mbed/TARGET_NUCLEO_L053R8/TOOLCHAIN_GCC_ARM/stm32l0xx_hal_tim.o
 .text.TIM_CCxChannelCmd
                0x08000e68       0x16 C:\CooCox\CoIDE_V2Beta\workspace\Nucleo_Prj/mbed/TARGET_NUCLEO_L053R8/TOOLCHAIN_GCC_ARM/stm32l0xx_hal_tim.o
 .text.HAL_TIM_Base_MspInit
                0x08000e7e        0x2 C:\CooCox\CoIDE_V2Beta\workspace\Nucleo_Prj/mbed/TARGET_NUCLEO_L053R8/TOOLCHAIN_GCC_ARM/stm32l0xx_hal_tim.o
                0x08000e7e                HAL_TIM_Base_MspInit
 .text.HAL_TIM_Base_Init
                0x08000e80       0x36 C:\CooCox\CoIDE_V2Beta\workspace\Nucleo_Prj/mbed/TARGET_NUCLEO_L053R8/TOOLCHAIN_GCC_ARM/stm32l0xx_hal_tim.o
                0x08000e80                HAL_TIM_Base_Init
 .text.HAL_TIM_Base_Start
                0x08000eb6       0x18 C:\CooCox\CoIDE_V2Beta\workspace\Nucleo_Prj/mbed/TARGET_NUCLEO_L053R8/TOOLCHAIN_GCC_ARM/stm32l0xx_hal_tim.o
                0x08000eb6                HAL_TIM_Base_Start
 .text.HAL_TIM_OC_Start
                0x08000ece       0x1a C:\CooCox\CoIDE_V2Beta\workspace\Nucleo_Prj/mbed/TARGET_NUCLEO_L053R8/TOOLCHAIN_GCC_ARM/stm32l0xx_hal_tim.o
                0x08000ece                HAL_TIM_OC_Start
 .text.HAL_UART_MspInit
                0x08000ee8        0x2 C:\CooCox\CoIDE_V2Beta\workspace\Nucleo_Prj/mbed/TARGET_NUCLEO_L053R8/TOOLCHAIN_GCC_ARM/stm32l0xx_hal_uart.o
                0x08000ee8                HAL_UART_MspInit
 *fill*         0x08000eea        0x2 
 .text.UART_SetConfig
                0x08000eec      0x1e8 C:\CooCox\CoIDE_V2Beta\workspace\Nucleo_Prj/mbed/TARGET_NUCLEO_L053R8/TOOLCHAIN_GCC_ARM/stm32l0xx_hal_uart.o
                0x08000eec                UART_SetConfig
 .text.UART_AdvFeatureConfig
                0x080010d4       0xd0 C:\CooCox\CoIDE_V2Beta\workspace\Nucleo_Prj/mbed/TARGET_NUCLEO_L053R8/TOOLCHAIN_GCC_ARM/stm32l0xx_hal_uart.o
                0x080010d4                UART_AdvFeatureConfig
 .text.UART_WaitOnFlagUntilTimeout
                0x080011a4       0x90 C:\CooCox\CoIDE_V2Beta\workspace\Nucleo_Prj/mbed/TARGET_NUCLEO_L053R8/TOOLCHAIN_GCC_ARM/stm32l0xx_hal_uart.o
                0x080011a4                UART_WaitOnFlagUntilTimeout
 .text.UART_CheckIdleState
                0x08001234       0x54 C:\CooCox\CoIDE_V2Beta\workspace\Nucleo_Prj/mbed/TARGET_NUCLEO_L053R8/TOOLCHAIN_GCC_ARM/stm32l0xx_hal_uart.o
                0x08001234                UART_CheckIdleState
 .text.HAL_UART_Init
                0x08001288       0x68 C:\CooCox\CoIDE_V2Beta\workspace\Nucleo_Prj/mbed/TARGET_NUCLEO_L053R8/TOOLCHAIN_GCC_ARM/stm32l0xx_hal_uart.o
                0x08001288                HAL_UART_Init
 .text.SystemCoreClockUpdate
                0x080012f0       0x8c C:\CooCox\CoIDE_V2Beta\workspace\Nucleo_Prj/mbed/TARGET_NUCLEO_L053R8/TOOLCHAIN_GCC_ARM/system_stm32l0xx.o
                0x080012f0                SystemCoreClockUpdate
 .text.SetSysClock_PLL_HSE
                0x0800137c       0x94 C:\CooCox\CoIDE_V2Beta\workspace\Nucleo_Prj/mbed/TARGET_NUCLEO_L053R8/TOOLCHAIN_GCC_ARM/system_stm32l0xx.o
                0x0800137c                SetSysClock_PLL_HSE
 .text.SetSysClock_PLL_HSI
                0x08001410       0x7c C:\CooCox\CoIDE_V2Beta\workspace\Nucleo_Prj/mbed/TARGET_NUCLEO_L053R8/TOOLCHAIN_GCC_ARM/system_stm32l0xx.o
                0x08001410                SetSysClock_PLL_HSI
 .text.SetSysClock
                0x0800148c       0x20 C:\CooCox\CoIDE_V2Beta\workspace\Nucleo_Prj/mbed/TARGET_NUCLEO_L053R8/TOOLCHAIN_GCC_ARM/system_stm32l0xx.o
                0x0800148c                SetSysClock
 .text.SystemInit
                0x080014ac       0x80 C:\CooCox\CoIDE_V2Beta\workspace\Nucleo_Prj/mbed/TARGET_NUCLEO_L053R8/TOOLCHAIN_GCC_ARM/system_stm32l0xx.o
                0x080014ac                SystemInit
 .text.startup.main
                0x0800152c       0x54 ..\obj\main.o
                0x0800152c                main
 .text.startup._GLOBAL__sub_I_myled
                0x08001580       0x1c ..\obj\main.o
 .text.init_uart
                0x0800159c       0x64 C:\CooCox\CoIDE_V2Beta\workspace\Nucleo_Prj/mbed/TARGET_NUCLEO_L053R8/TOOLCHAIN_GCC_ARM\libmbed.a(serial_api.o)
 .text.serial_init
                0x08001600      0x134 C:\CooCox\CoIDE_V2Beta\workspace\Nucleo_Prj/mbed/TARGET_NUCLEO_L053R8/TOOLCHAIN_GCC_ARM\libmbed.a(serial_api.o)
                0x08001600                serial_init
 .text.serial_readable
                0x08001734       0x14 C:\CooCox\CoIDE_V2Beta\workspace\Nucleo_Prj/mbed/TARGET_NUCLEO_L053R8/TOOLCHAIN_GCC_ARM\libmbed.a(serial_api.o)
                0x08001734                serial_readable
 .text.serial_getc
                0x08001748       0x16 C:\CooCox\CoIDE_V2Beta\workspace\Nucleo_Prj/mbed/TARGET_NUCLEO_L053R8/TOOLCHAIN_GCC_ARM\libmbed.a(serial_api.o)
                0x08001748                serial_getc
 *fill*         0x0800175e        0x2 
 .text.serial_writable
                0x08001760       0x14 C:\CooCox\CoIDE_V2Beta\workspace\Nucleo_Prj/mbed/TARGET_NUCLEO_L053R8/TOOLCHAIN_GCC_ARM\libmbed.a(serial_api.o)
                0x08001760                serial_writable
 .text.serial_putc
                0x08001774       0x18 C:\CooCox\CoIDE_V2Beta\workspace\Nucleo_Prj/mbed/TARGET_NUCLEO_L053R8/TOOLCHAIN_GCC_ARM\libmbed.a(serial_api.o)
                0x08001774                serial_putc
 .text.set_compare
                0x0800178c       0x1c C:\CooCox\CoIDE_V2Beta\workspace\Nucleo_Prj/mbed/TARGET_NUCLEO_L053R8/TOOLCHAIN_GCC_ARM\libmbed.a(us_ticker.o)
                0x0800178c                set_compare
 .text.us_ticker_init
                0x080017a8       0x18 C:\CooCox\CoIDE_V2Beta\workspace\Nucleo_Prj/mbed/TARGET_NUCLEO_L053R8/TOOLCHAIN_GCC_ARM\libmbed.a(us_ticker.o)
                0x080017a8                us_ticker_init
 .text.us_ticker_read
                0x080017c0       0x80 C:\CooCox\CoIDE_V2Beta\workspace\Nucleo_Prj/mbed/TARGET_NUCLEO_L053R8/TOOLCHAIN_GCC_ARM\libmbed.a(us_ticker.o)
                0x080017c0                us_ticker_read
 .text.us_ticker_set_interrupt
                0x08001840       0x64 C:\CooCox\CoIDE_V2Beta\workspace\Nucleo_Prj/mbed/TARGET_NUCLEO_L053R8/TOOLCHAIN_GCC_ARM\libmbed.a(us_ticker.o)
                0x08001840                us_ticker_set_interrupt
 .text.us_ticker_disable_interrupt
                0x080018a4       0x18 C:\CooCox\CoIDE_V2Beta\workspace\Nucleo_Prj/mbed/TARGET_NUCLEO_L053R8/TOOLCHAIN_GCC_ARM\libmbed.a(us_ticker.o)
                0x080018a4                us_ticker_disable_interrupt
 .text.us_ticker_clear_interrupt
                0x080018bc       0x1c C:\CooCox\CoIDE_V2Beta\workspace\Nucleo_Prj/mbed/TARGET_NUCLEO_L053R8/TOOLCHAIN_GCC_ARM\libmbed.a(us_ticker.o)
                0x080018bc                us_ticker_clear_interrupt
 .text.mbed_assert_internal
                0x080018d8       0x24 C:\CooCox\CoIDE_V2Beta\workspace\Nucleo_Prj/mbed/TARGET_NUCLEO_L053R8/TOOLCHAIN_GCC_ARM\libmbed.a(mbed_assert.o)
                0x080018d8                mbed_assert_internal
 .text.error    0x080018fc       0x14 C:\CooCox\CoIDE_V2Beta\workspace\Nucleo_Prj/mbed/TARGET_NUCLEO_L053R8/TOOLCHAIN_GCC_ARM\libmbed.a(mbed_error.o)
                0x080018fc                error
 .text.core_util_are_interrupts_enabled
                0x08001910        0xa C:\CooCox\CoIDE_V2Beta\workspace\Nucleo_Prj/mbed/TARGET_NUCLEO_L053R8/TOOLCHAIN_GCC_ARM\libmbed.a(mbed_critical.o)
                0x08001910                core_util_are_interrupts_enabled
 *fill*         0x0800191a        0x2 
 .text.core_util_critical_section_enter
                0x0800191c       0x5c C:\CooCox\CoIDE_V2Beta\workspace\Nucleo_Prj/mbed/TARGET_NUCLEO_L053R8/TOOLCHAIN_GCC_ARM\libmbed.a(mbed_critical.o)
                0x0800191c                core_util_critical_section_enter
 .text.core_util_critical_section_exit
                0x08001978       0x44 C:\CooCox\CoIDE_V2Beta\workspace\Nucleo_Prj/mbed/TARGET_NUCLEO_L053R8/TOOLCHAIN_GCC_ARM\libmbed.a(mbed_critical.o)
                0x08001978                core_util_critical_section_exit
 .text.gpio_write
                0x080019bc       0x30 C:\CooCox\CoIDE_V2Beta\workspace\Nucleo_Prj/mbed/TARGET_NUCLEO_L053R8/TOOLCHAIN_GCC_ARM\libmbed.a(mbed_gpio.o)
 .text.gpio_init_out_ex
                0x080019ec       0x2a C:\CooCox\CoIDE_V2Beta\workspace\Nucleo_Prj/mbed/TARGET_NUCLEO_L053R8/TOOLCHAIN_GCC_ARM\libmbed.a(mbed_gpio.o)
                0x080019ec                gpio_init_out_ex
 .text.gpio_init_out
                0x08001a16        0xa C:\CooCox\CoIDE_V2Beta\workspace\Nucleo_Prj/mbed/TARGET_NUCLEO_L053R8/TOOLCHAIN_GCC_ARM\libmbed.a(mbed_gpio.o)
                0x08001a16                gpio_init_out
 .text.pinmap_pinout
                0x08001a20       0x38 C:\CooCox\CoIDE_V2Beta\workspace\Nucleo_Prj/mbed/TARGET_NUCLEO_L053R8/TOOLCHAIN_GCC_ARM\libmbed.a(mbed_pinmap_common.o)
                0x08001a20                pinmap_pinout
 .text.pinmap_merge
                0x08001a58       0x28 C:\CooCox\CoIDE_V2Beta\workspace\Nucleo_Prj/mbed/TARGET_NUCLEO_L053R8/TOOLCHAIN_GCC_ARM\libmbed.a(mbed_pinmap_common.o)
                0x08001a58                pinmap_merge
 .text.pinmap_find_peripheral
                0x08001a80       0x18 C:\CooCox\CoIDE_V2Beta\workspace\Nucleo_Prj/mbed/TARGET_NUCLEO_L053R8/TOOLCHAIN_GCC_ARM\libmbed.a(mbed_pinmap_common.o)
                0x08001a80                pinmap_find_peripheral
 .text.pinmap_peripheral
                0x08001a98       0x20 C:\CooCox\CoIDE_V2Beta\workspace\Nucleo_Prj/mbed/TARGET_NUCLEO_L053R8/TOOLCHAIN_GCC_ARM\libmbed.a(mbed_pinmap_common.o)
                0x08001a98                pinmap_peripheral
 .text.us_ticker_irq_handler
                0x08001ab8       0x10 C:\CooCox\CoIDE_V2Beta\workspace\Nucleo_Prj/mbed/TARGET_NUCLEO_L053R8/TOOLCHAIN_GCC_ARM\libmbed.a(mbed_us_ticker_api.o)
                0x08001ab8                us_ticker_irq_handler
 .text.wait_us  0x08001ac8       0x16 C:\CooCox\CoIDE_V2Beta\workspace\Nucleo_Prj/mbed/TARGET_NUCLEO_L053R8/TOOLCHAIN_GCC_ARM\libmbed.a(mbed_wait_api.o)
                0x08001ac8                wait_us
 *fill*         0x08001ade        0x2 
 .text.wait     0x08001ae0       0x18 C:\CooCox\CoIDE_V2Beta\workspace\Nucleo_Prj/mbed/TARGET_NUCLEO_L053R8/TOOLCHAIN_GCC_ARM\libmbed.a(mbed_wait_api.o)
                0x08001ae0                wait
 .text.wait_ms  0x08001af8        0xe C:\CooCox\CoIDE_V2Beta\workspace\Nucleo_Prj/mbed/TARGET_NUCLEO_L053R8/TOOLCHAIN_GCC_ARM\libmbed.a(mbed_wait_api.o)
                0x08001af8                wait_ms
 *fill*         0x08001b06        0x2 
 .text.gpio_set
                0x08001b08       0x30 C:\CooCox\CoIDE_V2Beta\workspace\Nucleo_Prj/mbed/TARGET_NUCLEO_L053R8/TOOLCHAIN_GCC_ARM\libmbed.a(gpio_api.o)
                0x08001b08                gpio_set
 .text.gpio_init
                0x08001b38       0x2e C:\CooCox\CoIDE_V2Beta\workspace\Nucleo_Prj/mbed/TARGET_NUCLEO_L053R8/TOOLCHAIN_GCC_ARM\libmbed.a(gpio_api.o)
                0x08001b38                gpio_init
 .text.gpio_mode
                0x08001b66        0xc C:\CooCox\CoIDE_V2Beta\workspace\Nucleo_Prj/mbed/TARGET_NUCLEO_L053R8/TOOLCHAIN_GCC_ARM\libmbed.a(gpio_api.o)
                0x08001b66                gpio_mode
 *fill*         0x08001b72        0x2 
 .text.gpio_dir
                0x08001b74       0x34 C:\CooCox\CoIDE_V2Beta\workspace\Nucleo_Prj/mbed/TARGET_NUCLEO_L053R8/TOOLCHAIN_GCC_ARM\libmbed.a(gpio_api.o)
                0x08001b74                gpio_dir
 .text.Set_GPIO_Clock
                0x08001ba8       0xa8 C:\CooCox\CoIDE_V2Beta\workspace\Nucleo_Prj/mbed/TARGET_NUCLEO_L053R8/TOOLCHAIN_GCC_ARM\libmbed.a(pinmap.o)
                0x08001ba8                Set_GPIO_Clock
 .text.pin_function
                0x08001c50       0x5c C:\CooCox\CoIDE_V2Beta\workspace\Nucleo_Prj/mbed/TARGET_NUCLEO_L053R8/TOOLCHAIN_GCC_ARM\libmbed.a(pinmap.o)
                0x08001c50                pin_function
 .text.pin_mode
                0x08001cac       0x50 C:\CooCox\CoIDE_V2Beta\workspace\Nucleo_Prj/mbed/TARGET_NUCLEO_L053R8/TOOLCHAIN_GCC_ARM\libmbed.a(pinmap.o)
                0x08001cac                pin_mode
 .text.ticker_irq_handler
                0x08001cfc       0x46 C:\CooCox\CoIDE_V2Beta\workspace\Nucleo_Prj/mbed/TARGET_NUCLEO_L053R8/TOOLCHAIN_GCC_ARM\libmbed.a(mbed_ticker_api.o)
                0x08001cfc                ticker_irq_handler
 *fill*         0x08001d42        0x2 
 .text          0x08001d44       0x14 c:/program files (x86)/gnu tools arm embedded/5.4 2016q2/bin/../lib/gcc/arm-none-eabi/5.4.1/armv6-m\libgcc.a(_thumb1_case_uqi.o)
                0x08001d44                __gnu_thumb1_case_uqi
 .text          0x08001d58      0x114 c:/program files (x86)/gnu tools arm embedded/5.4 2016q2/bin/../lib/gcc/arm-none-eabi/5.4.1/armv6-m\libgcc.a(_udivsi3.o)
                0x08001d58                __aeabi_uidiv
                0x08001d58                __udivsi3
                0x08001e64                __aeabi_uidivmod
 .text          0x08001e6c        0x4 c:/program files (x86)/gnu tools arm embedded/5.4 2016q2/bin/../lib/gcc/arm-none-eabi/5.4.1/armv6-m\libgcc.a(_dvmd_tls.o)
                0x08001e6c                __aeabi_idiv0
                0x08001e6c                __aeabi_ldiv0
 .text          0x08001e70       0x3c c:/program files (x86)/gnu tools arm embedded/5.4 2016q2/bin/../lib/gcc/arm-none-eabi/5.4.1/armv6-m\libgcc.a(_fixunsdfsi.o)
                0x08001e70                __aeabi_d2uiz
                0x08001e70                __fixunsdfsi
 .text          0x08001eac      0x228 c:/program files (x86)/gnu tools arm embedded/5.4 2016q2/bin/../lib/gcc/arm-none-eabi/5.4.1/armv6-m\libgcc.a(mulsf3.o)
                0x08001eac                __aeabi_fmul
 .text          0x080020d4       0x44 c:/program files (x86)/gnu tools arm embedded/5.4 2016q2/bin/../lib/gcc/arm-none-eabi/5.4.1/armv6-m\libgcc.a(fixsfsi.o)
                0x080020d4                __aeabi_f2iz
 .text          0x08002118      0x62c c:/program files (x86)/gnu tools arm embedded/5.4 2016q2/bin/../lib/gcc/arm-none-eabi/5.4.1/armv6-m\libgcc.a(divdf3.o)
                0x08002118                __aeabi_ddiv
 .text          0x08002744      0x4f4 c:/program files (x86)/gnu tools arm embedded/5.4 2016q2/bin/../lib/gcc/arm-none-eabi/5.4.1/armv6-m\libgcc.a(muldf3.o)
                0x08002744                __aeabi_dmul
 .text          0x08002c38      0x6a8 c:/program files (x86)/gnu tools arm embedded/5.4 2016q2/bin/../lib/gcc/arm-none-eabi/5.4.1/armv6-m\libgcc.a(subdf3.o)
                0x08002c38                __aeabi_dsub
 .text          0x080032e0       0x6c c:/program files (x86)/gnu tools arm embedded/5.4 2016q2/bin/../lib/gcc/arm-none-eabi/5.4.1/armv6-m\libgcc.a(fixdfsi.o)
                0x080032e0                __aeabi_d2iz
 .text          0x0800334c       0x70 c:/program files (x86)/gnu tools arm embedded/5.4 2016q2/bin/../lib/gcc/arm-none-eabi/5.4.1/armv6-m\libgcc.a(floatunsidf.o)
                0x0800334c                __aeabi_ui2d
 .text          0x080033bc       0x7c c:/program files (x86)/gnu tools arm embedded/5.4 2016q2/bin/../lib/gcc/arm-none-eabi/5.4.1/armv6-m\libgcc.a(_arm_cmpdf2.o)
                0x080033bc                __aeabi_cdrcmple
                0x080033cc                __aeabi_cdcmple
                0x080033cc                __aeabi_cdcmpeq
                0x080033dc                __aeabi_dcmpeq
                0x080033e8                __aeabi_dcmplt
                0x080033fc                __aeabi_dcmple
                0x08003410                __aeabi_dcmpgt
                0x08003424                __aeabi_dcmpge
 .text          0x08003438       0x3c c:/program files (x86)/gnu tools arm embedded/5.4 2016q2/bin/../lib/gcc/arm-none-eabi/5.4.1/armv6-m\libgcc.a(_clzsi2.o)
                0x08003438                __clzsi2
 .text          0x08003474       0x80 c:/program files (x86)/gnu tools arm embedded/5.4 2016q2/bin/../lib/gcc/arm-none-eabi/5.4.1/armv6-m\libgcc.a(eqdf2.o)
                0x08003474                __nedf2
                0x08003474                __eqdf2
 .text          0x080034f4       0xc8 c:/program files (x86)/gnu tools arm embedded/5.4 2016q2/bin/../lib/gcc/arm-none-eabi/5.4.1/armv6-m\libgcc.a(gedf2.o)
                0x080034f4                __gedf2
                0x080034f4                __gtdf2
 .text          0x080035bc       0xd4 c:/program files (x86)/gnu tools arm embedded/5.4 2016q2/bin/../lib/gcc/arm-none-eabi/5.4.1/armv6-m\libgcc.a(ledf2.o)
                0x080035bc                __ledf2
                0x080035bc                __ltdf2
 .text.exit     0x08003690       0x2c c:/program files (x86)/gnu tools arm embedded/5.4 2016q2/bin/../lib/gcc/arm-none-eabi/5.4.1/../../../../arm-none-eabi/lib/armv6-m\libc_nano.a(lib_a-exit.o)
                0x08003690                exit
 .text.__sflush_r
                0x080036bc      0x10c c:/program files (x86)/gnu tools arm embedded/5.4 2016q2/bin/../lib/gcc/arm-none-eabi/5.4.1/../../../../arm-none-eabi/lib/armv6-m\libc_nano.a(lib_a-fflush.o)
                0x080036bc                __sflush_r
 .text._fflush_r
                0x080037c8       0x58 c:/program files (x86)/gnu tools arm embedded/5.4 2016q2/bin/../lib/gcc/arm-none-eabi/5.4.1/../../../../arm-none-eabi/lib/armv6-m\libc_nano.a(lib_a-fflush.o)
                0x080037c8                _fflush_r
 .text.fflush   0x08003820       0x28 c:/program files (x86)/gnu tools arm embedded/5.4 2016q2/bin/../lib/gcc/arm-none-eabi/5.4.1/../../../../arm-none-eabi/lib/armv6-m\libc_nano.a(lib_a-fflush.o)
                0x08003820                fflush
 .text._cleanup_r
                0x08003848       0x10 c:/program files (x86)/gnu tools arm embedded/5.4 2016q2/bin/../lib/gcc/arm-none-eabi/5.4.1/../../../../arm-none-eabi/lib/armv6-m\libc_nano.a(lib_a-findfp.o)
                0x08003848                _cleanup_r
 .text.std.isra.0
                0x08003858       0x48 c:/program files (x86)/gnu tools arm embedded/5.4 2016q2/bin/../lib/gcc/arm-none-eabi/5.4.1/../../../../arm-none-eabi/lib/armv6-m\libc_nano.a(lib_a-findfp.o)
 .text.__sfmoreglue
                0x080038a0       0x2c c:/program files (x86)/gnu tools arm embedded/5.4 2016q2/bin/../lib/gcc/arm-none-eabi/5.4.1/../../../../arm-none-eabi/lib/armv6-m\libc_nano.a(lib_a-findfp.o)
                0x080038a0                __sfmoreglue
 .text.__sinit  0x080038cc       0x68 c:/program files (x86)/gnu tools arm embedded/5.4 2016q2/bin/../lib/gcc/arm-none-eabi/5.4.1/../../../../arm-none-eabi/lib/armv6-m\libc_nano.a(lib_a-findfp.o)
                0x080038cc                __sinit
 .text.__sfp    0x08003934       0x7c c:/program files (x86)/gnu tools arm embedded/5.4 2016q2/bin/../lib/gcc/arm-none-eabi/5.4.1/../../../../arm-none-eabi/lib/armv6-m\libc_nano.a(lib_a-findfp.o)
                0x08003934                __sfp
 .text._fwalk_reent
                0x080039b0       0x42 c:/program files (x86)/gnu tools arm embedded/5.4 2016q2/bin/../lib/gcc/arm-none-eabi/5.4.1/../../../../arm-none-eabi/lib/armv6-m\libc_nano.a(lib_a-fwalk.o)
                0x080039b0                _fwalk_reent
 *fill*         0x080039f2        0x2 
 .text.__libc_init_array
                0x080039f4       0x4c c:/program files (x86)/gnu tools arm embedded/5.4 2016q2/bin/../lib/gcc/arm-none-eabi/5.4.1/../../../../arm-none-eabi/lib/armv6-m\libc_nano.a(lib_a-init.o)
                0x080039f4                __libc_init_array
 .text.memchr   0x08003a40       0x16 c:/program files (x86)/gnu tools arm embedded/5.4 2016q2/bin/../lib/gcc/arm-none-eabi/5.4.1/../../../../arm-none-eabi/lib/armv6-m\libc_nano.a(lib_a-memchr-stub.o)
                0x08003a40                memchr
 .text.memcpy   0x08003a56       0x12 c:/program files (x86)/gnu tools arm embedded/5.4 2016q2/bin/../lib/gcc/arm-none-eabi/5.4.1/../../../../arm-none-eabi/lib/armv6-m\libc_nano.a(lib_a-memcpy-stub.o)
                0x08003a56                memcpy
 .text.memset   0x08003a68       0x10 c:/program files (x86)/gnu tools arm embedded/5.4 2016q2/bin/../lib/gcc/arm-none-eabi/5.4.1/../../../../arm-none-eabi/lib/armv6-m\libc_nano.a(lib_a-memset.o)
                0x08003a68                memset
 .text._free_r  0x08003a78       0x98 c:/program files (x86)/gnu tools arm embedded/5.4 2016q2/bin/../lib/gcc/arm-none-eabi/5.4.1/../../../../arm-none-eabi/lib/armv6-m\libc_nano.a(lib_a-nano-freer.o)
                0x08003a78                _free_r
 .text._malloc_r
                0x08003b10       0xc0 c:/program files (x86)/gnu tools arm embedded/5.4 2016q2/bin/../lib/gcc/arm-none-eabi/5.4.1/../../../../arm-none-eabi/lib/armv6-m\libc_nano.a(lib_a-nano-mallocr.o)
                0x08003b10                _malloc_r
 .text._sbrk_r  0x08003bd0       0x24 c:/program files (x86)/gnu tools arm embedded/5.4 2016q2/bin/../lib/gcc/arm-none-eabi/5.4.1/../../../../arm-none-eabi/lib/armv6-m\libc_nano.a(lib_a-sbrkr.o)
                0x08003bd0                _sbrk_r
 .text.__sread  0x08003bf4       0x28 c:/program files (x86)/gnu tools arm embedded/5.4 2016q2/bin/../lib/gcc/arm-none-eabi/5.4.1/../../../../arm-none-eabi/lib/armv6-m\libc_nano.a(lib_a-stdio.o)
                0x08003bf4                __sread
 .text.__swrite
                0x08003c1c       0x38 c:/program files (x86)/gnu tools arm embedded/5.4 2016q2/bin/../lib/gcc/arm-none-eabi/5.4.1/../../../../arm-none-eabi/lib/armv6-m\libc_nano.a(lib_a-stdio.o)
                0x08003c1c                __swrite
 .text.__sseek  0x08003c54       0x2c c:/program files (x86)/gnu tools arm embedded/5.4 2016q2/bin/../lib/gcc/arm-none-eabi/5.4.1/../../../../arm-none-eabi/lib/armv6-m\libc_nano.a(lib_a-stdio.o)
                0x08003c54                __sseek
 .text.__sclose
                0x08003c80        0xc c:/program files (x86)/gnu tools arm embedded/5.4 2016q2/bin/../lib/gcc/arm-none-eabi/5.4.1/../../../../arm-none-eabi/lib/armv6-m\libc_nano.a(lib_a-stdio.o)
                0x08003c80                __sclose
 .text._vsprintf_r
                0x08003c8c       0x30 c:/program files (x86)/gnu tools arm embedded/5.4 2016q2/bin/../lib/gcc/arm-none-eabi/5.4.1/../../../../arm-none-eabi/lib/armv6-m\libc_nano.a(lib_a-vsprintf.o)
                0x08003c8c                _vsprintf_r
                0x08003c8c                _vsiprintf_r
 .text.vsprintf
                0x08003cbc       0x18 c:/program files (x86)/gnu tools arm embedded/5.4 2016q2/bin/../lib/gcc/arm-none-eabi/5.4.1/../../../../arm-none-eabi/lib/armv6-m\libc_nano.a(lib_a-vsprintf.o)
                0x08003cbc                vsiprintf
                0x08003cbc                vsprintf
 .text._write_r
                0x08003cd4       0x28 c:/program files (x86)/gnu tools arm embedded/5.4 2016q2/bin/../lib/gcc/arm-none-eabi/5.4.1/../../../../arm-none-eabi/lib/armv6-m\libc_nano.a(lib_a-writer.o)
                0x08003cd4                _write_r
 .text._close_r
                0x08003cfc       0x24 c:/program files (x86)/gnu tools arm embedded/5.4 2016q2/bin/../lib/gcc/arm-none-eabi/5.4.1/../../../../arm-none-eabi/lib/armv6-m\libc_nano.a(lib_a-closer.o)
                0x08003cfc                _close_r
 .text._lseek_r
                0x08003d20       0x28 c:/program files (x86)/gnu tools arm embedded/5.4 2016q2/bin/../lib/gcc/arm-none-eabi/5.4.1/../../../../arm-none-eabi/lib/armv6-m\libc_nano.a(lib_a-lseekr.o)
                0x08003d20                _lseek_r
 .text.__ssputs_r
                0x08003d48       0xc4 c:/program files (x86)/gnu tools arm embedded/5.4 2016q2/bin/../lib/gcc/arm-none-eabi/5.4.1/../../../../arm-none-eabi/lib/armv6-m\libc_nano.a(lib_a-nano-svfprintf.o)
                0x08003d48                __ssputs_r
 .text._svfprintf_r
                0x08003e0c      0x1fc c:/program files (x86)/gnu tools arm embedded/5.4 2016q2/bin/../lib/gcc/arm-none-eabi/5.4.1/../../../../arm-none-eabi/lib/armv6-m\libc_nano.a(lib_a-nano-svfprintf.o)
                0x08003e0c                _svfiprintf_r
                0x08003e0c                _svfprintf_r
 .text._printf_common
                0x08004008       0xdc c:/program files (x86)/gnu tools arm embedded/5.4 2016q2/bin/../lib/gcc/arm-none-eabi/5.4.1/../../../../arm-none-eabi/lib/armv6-m\libc_nano.a(lib_a-nano-vfprintf_i.o)
                0x08004008                _printf_common
 .text._printf_i
                0x080040e4      0x244 c:/program files (x86)/gnu tools arm embedded/5.4 2016q2/bin/../lib/gcc/arm-none-eabi/5.4.1/../../../../arm-none-eabi/lib/armv6-m\libc_nano.a(lib_a-nano-vfprintf_i.o)
                0x080040e4                _printf_i
 .text._read_r  0x08004328       0x28 c:/program files (x86)/gnu tools arm embedded/5.4 2016q2/bin/../lib/gcc/arm-none-eabi/5.4.1/../../../../arm-none-eabi/lib/armv6-m\libc_nano.a(lib_a-readr.o)
                0x08004328                _read_r
 .text.memmove  0x08004350       0x2a c:/program files (x86)/gnu tools arm embedded/5.4 2016q2/bin/../lib/gcc/arm-none-eabi/5.4.1/../../../../arm-none-eabi/lib/armv6-m\libc_nano.a(lib_a-memmove.o)
                0x08004350                memmove
 .text._realloc_r
                0x0800437a       0x4c c:/program files (x86)/gnu tools arm embedded/5.4 2016q2/bin/../lib/gcc/arm-none-eabi/5.4.1/../../../../arm-none-eabi/lib/armv6-m\libc_nano.a(lib_a-nano-reallocr.o)
                0x0800437a                _realloc_r
 .text._malloc_usable_size_r
                0x080043c6       0x16 c:/program files (x86)/gnu tools arm embedded/5.4 2016q2/bin/../lib/gcc/arm-none-eabi/5.4.1/../../../../arm-none-eabi/lib/armv6-m\libc_nano.a(lib_a-nano-msizer.o)
                0x080043c6                _malloc_usable_size_r
 *(.init)
 .init          0x080043dc        0x4 c:/program files (x86)/gnu tools arm embedded/5.4 2016q2/bin/../lib/gcc/arm-none-eabi/5.4.1/armv6-m/crti.o
                0x080043dc                _init
 .init          0x080043e0        0x8 c:/program files (x86)/gnu tools arm embedded/5.4 2016q2/bin/../lib/gcc/arm-none-eabi/5.4.1/armv6-m/crtn.o
 *(.fini)
 .fini          0x080043e8        0x4 c:/program files (x86)/gnu tools arm embedded/5.4 2016q2/bin/../lib/gcc/arm-none-eabi/5.4.1/armv6-m/crti.o
                0x080043e8                _fini
 .fini          0x080043ec        0x8 c:/program files (x86)/gnu tools arm embedded/5.4 2016q2/bin/../lib/gcc/arm-none-eabi/5.4.1/armv6-m/crtn.o
 *crtbegin.o(.ctors)
 *crtbegin?.o(.ctors)
 *(EXCLUDE_FILE(*crtend.o *crtend?.o) .ctors)
 *(SORT(.ctors.*))
 *(.ctors)
 *crtbegin.o(.dtors)
 *crtbegin?.o(.dtors)
 *(EXCLUDE_FILE(*crtend.o *crtend?.o) .dtors)
 *(SORT(.dtors.*))
 *(.dtors)
 *(.rodata*)
 .rodata.APBAHBPrescTable
                0x080043f4       0x10 C:\CooCox\CoIDE_V2Beta\workspace\Nucleo_Prj/mbed/TARGET_NUCLEO_L053R8/TOOLCHAIN_GCC_ARM/stm32l0xx_hal_rcc.o
 .rodata.CSWTCH.36
                0x08004404        0x9 C:\CooCox\CoIDE_V2Beta\workspace\Nucleo_Prj/mbed/TARGET_NUCLEO_L053R8/TOOLCHAIN_GCC_ARM/stm32l0xx_hal_uart.o
 .rodata.CSWTCH.35
                0x0800440d        0x4 C:\CooCox\CoIDE_V2Beta\workspace\Nucleo_Prj/mbed/TARGET_NUCLEO_L053R8/TOOLCHAIN_GCC_ARM/stm32l0xx_hal_uart.o
 .rodata.AHBPrescTable
                0x08004411       0x10 C:\CooCox\CoIDE_V2Beta\workspace\Nucleo_Prj/mbed/TARGET_NUCLEO_L053R8/TOOLCHAIN_GCC_ARM/system_stm32l0xx.o
                0x08004411                AHBPrescTable
 .rodata.PLLMulTable
                0x08004421        0x9 C:\CooCox\CoIDE_V2Beta\workspace\Nucleo_Prj/mbed/TARGET_NUCLEO_L053R8/TOOLCHAIN_GCC_ARM/system_stm32l0xx.o
                0x08004421                PLLMulTable
 .rodata.str1.1
                0x0800442a       0x86 ..\obj\main.o
 .rodata.str1.1
                0x080044b0       0x92 C:\CooCox\CoIDE_V2Beta\workspace\Nucleo_Prj/mbed/TARGET_NUCLEO_L053R8/TOOLCHAIN_GCC_ARM\libmbed.a(serial_api.o)
 .rodata.str1.1
                0x08004542       0x31 C:\CooCox\CoIDE_V2Beta\workspace\Nucleo_Prj/mbed/TARGET_NUCLEO_L053R8/TOOLCHAIN_GCC_ARM\libmbed.a(mbed_assert.o)
 .rodata.str1.1
                0x08004573       0x7f C:\CooCox\CoIDE_V2Beta\workspace\Nucleo_Prj/mbed/TARGET_NUCLEO_L053R8/TOOLCHAIN_GCC_ARM\libmbed.a(mbed_critical.o)
 .rodata.str1.1
                0x080045f2       0x73 C:\CooCox\CoIDE_V2Beta\workspace\Nucleo_Prj/mbed/TARGET_NUCLEO_L053R8/TOOLCHAIN_GCC_ARM\libmbed.a(mbed_gpio.o)
                                 0x8b (size before relaxing)
 .rodata.str1.1
                0x08004665       0x60 C:\CooCox\CoIDE_V2Beta\workspace\Nucleo_Prj/mbed/TARGET_NUCLEO_L053R8/TOOLCHAIN_GCC_ARM\libmbed.a(mbed_pinmap_common.o)
 *fill*         0x080046c5        0x3 
 .rodata.us_interface
                0x080046c8       0x14 C:\CooCox\CoIDE_V2Beta\workspace\Nucleo_Prj/mbed/TARGET_NUCLEO_L053R8/TOOLCHAIN_GCC_ARM\libmbed.a(mbed_us_ticker_api.o)
 .rodata.us_data
                0x080046dc        0x8 C:\CooCox\CoIDE_V2Beta\workspace\Nucleo_Prj/mbed/TARGET_NUCLEO_L053R8/TOOLCHAIN_GCC_ARM\libmbed.a(mbed_us_ticker_api.o)
 .rodata.PinMap_UART_RX
                0x080046e4       0x60 C:\CooCox\CoIDE_V2Beta\workspace\Nucleo_Prj/mbed/TARGET_NUCLEO_L053R8/TOOLCHAIN_GCC_ARM\libmbed.a(PeripheralPins.o)
                0x080046e4                PinMap_UART_RX
 .rodata.PinMap_UART_TX
                0x08004744       0x60 C:\CooCox\CoIDE_V2Beta\workspace\Nucleo_Prj/mbed/TARGET_NUCLEO_L053R8/TOOLCHAIN_GCC_ARM\libmbed.a(PeripheralPins.o)
                0x08004744                PinMap_UART_TX
 .rodata.str1.1
                0x080047a4       0x5f C:\CooCox\CoIDE_V2Beta\workspace\Nucleo_Prj/mbed/TARGET_NUCLEO_L053R8/TOOLCHAIN_GCC_ARM\libmbed.a(gpio_api.o)
                                 0x8a (size before relaxing)
 .rodata.str1.1
                0x08004803       0x7e C:\CooCox\CoIDE_V2Beta\workspace\Nucleo_Prj/mbed/TARGET_NUCLEO_L053R8/TOOLCHAIN_GCC_ARM\libmbed.a(pinmap.o)
                                 0x91 (size before relaxing)
 *fill*         0x08004881        0x3 
 .rodata.gpio_mode
                0x08004884       0x34 C:\CooCox\CoIDE_V2Beta\workspace\Nucleo_Prj/mbed/TARGET_NUCLEO_L053R8/TOOLCHAIN_GCC_ARM\libmbed.a(pinmap.o)
 .rodata        0x080048b8       0x40 c:/program files (x86)/gnu tools arm embedded/5.4 2016q2/bin/../lib/gcc/arm-none-eabi/5.4.1/armv6-m\libgcc.a(mulsf3.o)
 .rodata        0x080048f8       0x40 c:/program files (x86)/gnu tools arm embedded/5.4 2016q2/bin/../lib/gcc/arm-none-eabi/5.4.1/armv6-m\libgcc.a(divdf3.o)
 .rodata        0x08004938       0x40 c:/program files (x86)/gnu tools arm embedded/5.4 2016q2/bin/../lib/gcc/arm-none-eabi/5.4.1/armv6-m\libgcc.a(muldf3.o)
 .rodata.__sf_fake_stdin
                0x08004978       0x20 c:/program files (x86)/gnu tools arm embedded/5.4 2016q2/bin/../lib/gcc/arm-none-eabi/5.4.1/../../../../arm-none-eabi/lib/armv6-m\libc_nano.a(lib_a-findfp.o)
                0x08004978                __sf_fake_stdin
 .rodata.__sf_fake_stdout
                0x08004998       0x20 c:/program files (x86)/gnu tools arm embedded/5.4 2016q2/bin/../lib/gcc/arm-none-eabi/5.4.1/../../../../arm-none-eabi/lib/armv6-m\libc_nano.a(lib_a-findfp.o)
                0x08004998                __sf_fake_stdout
 .rodata.__sf_fake_stderr
                0x080049b8       0x20 c:/program files (x86)/gnu tools arm embedded/5.4 2016q2/bin/../lib/gcc/arm-none-eabi/5.4.1/../../../../arm-none-eabi/lib/armv6-m\libc_nano.a(lib_a-findfp.o)
                0x080049b8                __sf_fake_stderr
 .rodata.str1.1
                0x080049d8       0x7e c:/program files (x86)/gnu tools arm embedded/5.4 2016q2/bin/../lib/gcc/arm-none-eabi/5.4.1/../../../../arm-none-eabi/lib/armv6-m\libc_nano.a(lib_a-impure.o)
                                  0x2 (size before relaxing)
 .rodata._global_impure_ptr
                0x080049d8        0x4 c:/program files (x86)/gnu tools arm embedded/5.4 2016q2/bin/../lib/gcc/arm-none-eabi/5.4.1/../../../../arm-none-eabi/lib/armv6-m\libc_nano.a(lib_a-impure.o)
                0x080049d8                _global_impure_ptr
 .rodata.str1.1
                0x080049dc       0x11 c:/program files (x86)/gnu tools arm embedded/5.4 2016q2/bin/../lib/gcc/arm-none-eabi/5.4.1/../../../../arm-none-eabi/lib/armv6-m\libc_nano.a(lib_a-nano-svfprintf.o)
 .rodata.str1.1
                0x080049ed       0x22 c:/program files (x86)/gnu tools arm embedded/5.4 2016q2/bin/../lib/gcc/arm-none-eabi/5.4.1/../../../../arm-none-eabi/lib/armv6-m\libc_nano.a(lib_a-nano-vfprintf_i.o)
 *(.eh_frame*)
 *fill*         0x08004a0f        0x1 
 .eh_frame      0x08004a10        0x0 c:/program files (x86)/gnu tools arm embedded/5.4 2016q2/bin/../lib/gcc/arm-none-eabi/5.4.1/armv6-m/crtbegin.o
 .eh_frame      0x08004a10        0x4 c:/program files (x86)/gnu tools arm embedded/5.4 2016q2/bin/../lib/gcc/arm-none-eabi/5.4.1/armv6-m/crtend.o

.glue_7         0x08004a14        0x0
 .glue_7        0x08004a14        0x0 linker stubs

.glue_7t        0x08004a14        0x0
 .glue_7t       0x08004a14        0x0 linker stubs

.vfp11_veneer   0x08004a14        0x0
 .vfp11_veneer  0x08004a14        0x0 linker stubs

.v4_bx          0x08004a14        0x0
 .v4_bx         0x08004a14        0x0 linker stubs

.iplt           0x08004a14        0x0
 .iplt          0x08004a14        0x0 c:/program files (x86)/gnu tools arm embedded/5.4 2016q2/bin/../lib/gcc/arm-none-eabi/5.4.1/armv6-m/crtbegin.o

.ARM.extab
 *(.ARM.extab* .gnu.linkonce.armextab.*)
                0x08004a14                __exidx_start = .

.ARM.exidx      0x08004a14        0x8
 *(.ARM.exidx* .gnu.linkonce.armexidx.*)
 .ARM.exidx     0x08004a14        0x8 c:/program files (x86)/gnu tools arm embedded/5.4 2016q2/bin/../lib/gcc/arm-none-eabi/5.4.1/../../../../arm-none-eabi/lib/armv6-m/crt0.o
                0x08004a1c                __exidx_end = .
                0x08004a1c                __etext = .
                0x08004a1c                _sidata = .

.rel.dyn        0x08004a1c        0x0
 .rel.iplt      0x08004a1c        0x0 c:/program files (x86)/gnu tools arm embedded/5.4 2016q2/bin/../lib/gcc/arm-none-eabi/5.4.1/armv6-m/crtbegin.o

.data           0x200000c0       0x7c load address 0x08004a1c
                0x200000c0                __data_start__ = .
                0x200000c0                _sdata = .
 *(vtable)
 *(.data*)
 .data._ZZ5_sbrkE4heap
                0x200000c0        0x4 C:\CooCox\CoIDE_V2Beta\workspace\Nucleo_Prj/mbed/TARGET_NUCLEO_L053R8/TOOLCHAIN_GCC_ARM/retarget.o
 .data.SystemCoreClock
                0x200000c4        0x4 C:\CooCox\CoIDE_V2Beta\workspace\Nucleo_Prj/mbed/TARGET_NUCLEO_L053R8/TOOLCHAIN_GCC_ARM/system_stm32l0xx.o
                0x200000c4                SystemCoreClock
 .data.impure_data
                0x200000c8       0x60 c:/program files (x86)/gnu tools arm embedded/5.4 2016q2/bin/../lib/gcc/arm-none-eabi/5.4.1/../../../../arm-none-eabi/lib/armv6-m\libc_nano.a(lib_a-impure.o)
 .data._impure_ptr
                0x20000128        0x4 c:/program files (x86)/gnu tools arm embedded/5.4 2016q2/bin/../lib/gcc/arm-none-eabi/5.4.1/../../../../arm-none-eabi/lib/armv6-m\libc_nano.a(lib_a-impure.o)
                0x20000128                _impure_ptr
                0x2000012c                . = ALIGN (0x4)
                0x2000012c                PROVIDE (__preinit_array_start, .)
 *(.preinit_array)
                0x2000012c                PROVIDE (__preinit_array_end, .)
                0x2000012c                . = ALIGN (0x4)
                0x2000012c                PROVIDE (__init_array_start, .)
 *(SORT(.init_array.*))
 *(.init_array)
 .init_array    0x2000012c        0x4 c:/program files (x86)/gnu tools arm embedded/5.4 2016q2/bin/../lib/gcc/arm-none-eabi/5.4.1/armv6-m/crtbegin.o
 .init_array    0x20000130        0x4 ..\obj\main.o
                0x20000134                PROVIDE (__init_array_end, .)
                0x20000134                . = ALIGN (0x4)
                [!provide]                PROVIDE (__fini_array_start, .)
 *(SORT(.fini_array.*))
 *(.fini_array)
 .fini_array    0x20000134        0x4 c:/program files (x86)/gnu tools arm embedded/5.4 2016q2/bin/../lib/gcc/arm-none-eabi/5.4.1/armv6-m/crtbegin.o
                [!provide]                PROVIDE (__fini_array_end, .)
 *(.jcr*)
 .jcr           0x20000138        0x0 c:/program files (x86)/gnu tools arm embedded/5.4 2016q2/bin/../lib/gcc/arm-none-eabi/5.4.1/armv6-m/crtbegin.o
 .jcr           0x20000138        0x4 c:/program files (x86)/gnu tools arm embedded/5.4 2016q2/bin/../lib/gcc/arm-none-eabi/5.4.1/armv6-m/crtend.o
                0x2000013c                . = ALIGN (0x4)
                0x2000013c                __data_end__ = .
                0x2000013c                _edata = .

.igot.plt       0x2000013c        0x0 load address 0x08004a98
 .igot.plt      0x2000013c        0x0 c:/program files (x86)/gnu tools arm embedded/5.4 2016q2/bin/../lib/gcc/arm-none-eabi/5.4.1/armv6-m/crtbegin.o

.bss            0x2000013c      0x264 load address 0x08004a98
                0x2000013c                . = ALIGN (0x4)
                0x2000013c                __bss_start__ = .
                0x2000013c                _sbss = .
 *(.bss*)
 .bss           0x2000013c       0x1c c:/program files (x86)/gnu tools arm embedded/5.4 2016q2/bin/../lib/gcc/arm-none-eabi/5.4.1/armv6-m/crtbegin.o
 .bss.PreviousVal
                0x20000158        0x4 C:\CooCox\CoIDE_V2Beta\workspace\Nucleo_Prj/mbed/TARGET_NUCLEO_L053R8/TOOLCHAIN_GCC_ARM/hal_tick.o
                0x20000158                PreviousVal
 .bss._ZL11filehandles
                0x2000015c      0x100 C:\CooCox\CoIDE_V2Beta\workspace\Nucleo_Prj/mbed/TARGET_NUCLEO_L053R8/TOOLCHAIN_GCC_ARM/retarget.o
 .bss.uwTick    0x2000025c        0x4 C:\CooCox\CoIDE_V2Beta\workspace\Nucleo_Prj/mbed/TARGET_NUCLEO_L053R8/TOOLCHAIN_GCC_ARM/stm32l0xx_hal.o
 .bss.myled     0x20000260       0x14 ..\obj\main.o
                0x20000260                myled
 .bss.stdio_uart_inited
                0x20000274        0x4 C:\CooCox\CoIDE_V2Beta\workspace\Nucleo_Prj/mbed/TARGET_NUCLEO_L053R8/TOOLCHAIN_GCC_ARM\libmbed.a(serial_api.o)
                0x20000274                stdio_uart_inited
 .bss.oc_rem_part
                0x20000278        0x2 C:\CooCox\CoIDE_V2Beta\workspace\Nucleo_Prj/mbed/TARGET_NUCLEO_L053R8/TOOLCHAIN_GCC_ARM\libmbed.a(us_ticker.o)
                0x20000278                oc_rem_part
 *fill*         0x2000027a        0x2 
 .bss.TimMasterHandle
                0x2000027c       0x38 C:\CooCox\CoIDE_V2Beta\workspace\Nucleo_Prj/mbed/TARGET_NUCLEO_L053R8/TOOLCHAIN_GCC_ARM\libmbed.a(us_ticker.o)
 .bss.us_ticker_inited
                0x200002b4        0x4 C:\CooCox\CoIDE_V2Beta\workspace\Nucleo_Prj/mbed/TARGET_NUCLEO_L053R8/TOOLCHAIN_GCC_ARM\libmbed.a(us_ticker.o)
 .bss.SlaveCounter
                0x200002b8        0x2 C:\CooCox\CoIDE_V2Beta\workspace\Nucleo_Prj/mbed/TARGET_NUCLEO_L053R8/TOOLCHAIN_GCC_ARM\libmbed.a(us_ticker.o)
                0x200002b8                SlaveCounter
 *fill*         0x200002ba        0x2 
 .bss.oc_int_part
                0x200002bc        0x4 C:\CooCox\CoIDE_V2Beta\workspace\Nucleo_Prj/mbed/TARGET_NUCLEO_L053R8/TOOLCHAIN_GCC_ARM\libmbed.a(us_ticker.o)
                0x200002bc                oc_int_part
 .bss.interrupt_enable_counter
                0x200002c0        0x4 C:\CooCox\CoIDE_V2Beta\workspace\Nucleo_Prj/mbed/TARGET_NUCLEO_L053R8/TOOLCHAIN_GCC_ARM\libmbed.a(mbed_critical.o)
 .bss.critical_interrupts_disabled
                0x200002c4        0x1 C:\CooCox\CoIDE_V2Beta\workspace\Nucleo_Prj/mbed/TARGET_NUCLEO_L053R8/TOOLCHAIN_GCC_ARM\libmbed.a(mbed_critical.o)
 *fill*         0x200002c5        0x3 
 .bss.events    0x200002c8        0x8 C:\CooCox\CoIDE_V2Beta\workspace\Nucleo_Prj/mbed/TARGET_NUCLEO_L053R8/TOOLCHAIN_GCC_ARM\libmbed.a(mbed_us_ticker_api.o)
 .bss.__malloc_sbrk_start
                0x200002d0        0x4 c:/program files (x86)/gnu tools arm embedded/5.4 2016q2/bin/../lib/gcc/arm-none-eabi/5.4.1/../../../../arm-none-eabi/lib/armv6-m\libc_nano.a(lib_a-nano-mallocr.o)
                0x200002d0                __malloc_sbrk_start
 .bss.__malloc_free_list
                0x200002d4        0x4 c:/program files (x86)/gnu tools arm embedded/5.4 2016q2/bin/../lib/gcc/arm-none-eabi/5.4.1/../../../../arm-none-eabi/lib/armv6-m\libc_nano.a(lib_a-nano-mallocr.o)
                0x200002d4                __malloc_free_list
 *(COMMON)
 COMMON         0x200002d8       0x38 C:\CooCox\CoIDE_V2Beta\workspace\Nucleo_Prj/mbed/TARGET_NUCLEO_L053R8/TOOLCHAIN_GCC_ARM/hal_tick.o
                0x200002d8                TimMasterHandle
 COMMON         0x20000310       0x8c C:\CooCox\CoIDE_V2Beta\workspace\Nucleo_Prj/mbed/TARGET_NUCLEO_L053R8/TOOLCHAIN_GCC_ARM\libmbed.a(serial_api.o)
                0x20000310                UartHandle
                0x20000380                stdio_uart
 COMMON         0x2000039c        0x4 c:/program files (x86)/gnu tools arm embedded/5.4 2016q2/bin/../lib/gcc/arm-none-eabi/5.4.1/../../../../arm-none-eabi/lib/armv6-m\libc_nano.a(lib_a-reent.o)
                0x2000039c                errno
                0x200003a0                . = ALIGN (0x4)
                0x200003a0                __bss_end__ = .
                0x200003a0                _ebss = .

.heap           0x200003a0        0x0
                0x200003a0                __end__ = .
                0x200003a0                end = __end__
 *(.heap*)
                0x200003a0                __HeapLimit = .

.stack_dummy    0x200003a0        0x0
 *(.stack*)
                0x20002000                __StackTop = (ORIGIN (RAM) + LENGTH (RAM))
                0x20002000                _estack = __StackTop
                0x20002000                __StackLimit = (__StackTop - SIZEOF (.stack_dummy))
                0x20002000                PROVIDE (__stack, __StackTop)
                0x00000001                ASSERT ((__StackLimit >= __HeapLimit), region RAM overflowed with stack)
LOAD ..\obj\main.o
LOAD C:\CooCox\CoIDE_V2Beta\workspace\Nucleo_Prj/mbed/TARGET_NUCLEO_L053R8/TOOLCHAIN_GCC_ARM\libmbed.a
LOAD c:/program files (x86)/gnu tools arm embedded/5.4 2016q2/bin/../lib/gcc/arm-none-eabi/5.4.1/../../../../arm-none-eabi/lib/armv6-m\libstdc++_nano.a
LOAD c:/program files (x86)/gnu tools arm embedded/5.4 2016q2/bin/../lib/gcc/arm-none-eabi/5.4.1/../../../../arm-none-eabi/lib/armv6-m\libsupc++_nano.a
LOAD c:/program files (x86)/gnu tools arm embedded/5.4 2016q2/bin/../lib/gcc/arm-none-eabi/5.4.1/../../../../arm-none-eabi/lib/armv6-m\libm.a
LOAD c:/program files (x86)/gnu tools arm embedded/5.4 2016q2/bin/../lib/gcc/arm-none-eabi/5.4.1/armv6-m\libgcc.a
LOAD c:/program files (x86)/gnu tools arm embedded/5.4 2016q2/bin/../lib/gcc/arm-none-eabi/5.4.1/../../../../arm-none-eabi/lib/armv6-m\libc_nano.a
LOAD c:/program files (x86)/gnu tools arm embedded/5.4 2016q2/bin/../lib/gcc/arm-none-eabi/5.4.1/../../../../arm-none-eabi/lib/armv6-m\libnosys.a
START GROUP
LOAD c:/program files (x86)/gnu tools arm embedded/5.4 2016q2/bin/../lib/gcc/arm-none-eabi/5.4.1/armv6-m\libgcc.a
LOAD c:/program files (x86)/gnu tools arm embedded/5.4 2016q2/bin/../lib/gcc/arm-none-eabi/5.4.1/../../../../arm-none-eabi/lib/armv6-m\libg_nano.a
LOAD c:/program files (x86)/gnu tools arm embedded/5.4 2016q2/bin/../lib/gcc/arm-none-eabi/5.4.1/../../../../arm-none-eabi/lib/armv6-m\libc_nano.a
END GROUP
START GROUP
LOAD c:/program files (x86)/gnu tools arm embedded/5.4 2016q2/bin/../lib/gcc/arm-none-eabi/5.4.1/armv6-m\libgcc.a
LOAD c:/program files (x86)/gnu tools arm embedded/5.4 2016q2/bin/../lib/gcc/arm-none-eabi/5.4.1/../../../../arm-none-eabi/lib/armv6-m\libc_nano.a
END GROUP
LOAD c:/program files (x86)/gnu tools arm embedded/5.4 2016q2/bin/../lib/gcc/arm-none-eabi/5.4.1/armv6-m/crtend.o
LOAD c:/program files (x86)/gnu tools arm embedded/5.4 2016q2/bin/../lib/gcc/arm-none-eabi/5.4.1/armv6-m/crtn.o
OUTPUT(Nucleo_Prj.elf elf32-littlearm)

.ARM.attributes
                0x00000000       0x28
 .ARM.attributes
                0x00000000       0x1e c:/program files (x86)/gnu tools arm embedded/5.4 2016q2/bin/../lib/gcc/arm-none-eabi/5.4.1/armv6-m/crti.o
 .ARM.attributes
                0x0000001e       0x2c c:/program files (x86)/gnu tools arm embedded/5.4 2016q2/bin/../lib/gcc/arm-none-eabi/5.4.1/armv6-m/crtbegin.o
 .ARM.attributes
                0x0000004a       0x1b c:/program files (x86)/gnu tools arm embedded/5.4 2016q2/bin/../lib/gcc/arm-none-eabi/5.4.1/../../../../arm-none-eabi/lib/armv6-m/crt0.o
 .ARM.attributes
                0x00000065       0x32 C:\CooCox\CoIDE_V2Beta\workspace\Nucleo_Prj/mbed/TARGET_NUCLEO_L053R8/TOOLCHAIN_GCC_ARM/cmsis_nvic.o
 .ARM.attributes
                0x00000097       0x32 C:\CooCox\CoIDE_V2Beta\workspace\Nucleo_Prj/mbed/TARGET_NUCLEO_L053R8/TOOLCHAIN_GCC_ARM/hal_tick.o
 .ARM.attributes
                0x000000c9       0x32 C:\CooCox\CoIDE_V2Beta\workspace\Nucleo_Prj/mbed/TARGET_NUCLEO_L053R8/TOOLCHAIN_GCC_ARM/mbed_board.o
 .ARM.attributes
                0x000000fb       0x32 C:\CooCox\CoIDE_V2Beta\workspace\Nucleo_Prj/mbed/TARGET_NUCLEO_L053R8/TOOLCHAIN_GCC_ARM/mbed_overrides.o
 .ARM.attributes
                0x0000012d       0x32 C:\CooCox\CoIDE_V2Beta\workspace\Nucleo_Prj/mbed/TARGET_NUCLEO_L053R8/TOOLCHAIN_GCC_ARM/retarget.o
 .ARM.attributes
                0x0000015f       0x22 C:\CooCox\CoIDE_V2Beta\workspace\Nucleo_Prj/mbed/TARGET_NUCLEO_L053R8/TOOLCHAIN_GCC_ARM/startup_stm32l053xx.o
 .ARM.attributes
                0x00000181       0x32 C:\CooCox\CoIDE_V2Beta\workspace\Nucleo_Prj/mbed/TARGET_NUCLEO_L053R8/TOOLCHAIN_GCC_ARM/stm32l0xx_hal.o
 .ARM.attributes
                0x000001b3       0x32 C:\CooCox\CoIDE_V2Beta\workspace\Nucleo_Prj/mbed/TARGET_NUCLEO_L053R8/TOOLCHAIN_GCC_ARM/stm32l0xx_hal_gpio.o
 .ARM.attributes
                0x000001e5       0x32 C:\CooCox\CoIDE_V2Beta\workspace\Nucleo_Prj/mbed/TARGET_NUCLEO_L053R8/TOOLCHAIN_GCC_ARM/stm32l0xx_hal_rcc.o
 .ARM.attributes
                0x00000217       0x32 C:\CooCox\CoIDE_V2Beta\workspace\Nucleo_Prj/mbed/TARGET_NUCLEO_L053R8/TOOLCHAIN_GCC_ARM/stm32l0xx_hal_tim.o
 .ARM.attributes
                0x00000249       0x32 C:\CooCox\CoIDE_V2Beta\workspace\Nucleo_Prj/mbed/TARGET_NUCLEO_L053R8/TOOLCHAIN_GCC_ARM/stm32l0xx_hal_uart.o
 .ARM.attributes
                0x0000027b       0x32 C:\CooCox\CoIDE_V2Beta\workspace\Nucleo_Prj/mbed/TARGET_NUCLEO_L053R8/TOOLCHAIN_GCC_ARM/system_stm32l0xx.o
 .ARM.attributes
                0x000002ad       0x32 ..\obj\main.o
 .ARM.attributes
                0x000002df       0x32 C:\CooCox\CoIDE_V2Beta\workspace\Nucleo_Prj/mbed/TARGET_NUCLEO_L053R8/TOOLCHAIN_GCC_ARM\libmbed.a(serial_api.o)
 .ARM.attributes
                0x00000311       0x32 C:\CooCox\CoIDE_V2Beta\workspace\Nucleo_Prj/mbed/TARGET_NUCLEO_L053R8/TOOLCHAIN_GCC_ARM\libmbed.a(us_ticker.o)
 .ARM.attributes
                0x00000343       0x32 C:\CooCox\CoIDE_V2Beta\workspace\Nucleo_Prj/mbed/TARGET_NUCLEO_L053R8/TOOLCHAIN_GCC_ARM\libmbed.a(mbed_assert.o)
 .ARM.attributes
                0x00000375       0x32 C:\CooCox\CoIDE_V2Beta\workspace\Nucleo_Prj/mbed/TARGET_NUCLEO_L053R8/TOOLCHAIN_GCC_ARM\libmbed.a(mbed_error.o)
 .ARM.attributes
                0x000003a7       0x32 C:\CooCox\CoIDE_V2Beta\workspace\Nucleo_Prj/mbed/TARGET_NUCLEO_L053R8/TOOLCHAIN_GCC_ARM\libmbed.a(mbed_critical.o)
 .ARM.attributes
                0x000003d9       0x32 C:\CooCox\CoIDE_V2Beta\workspace\Nucleo_Prj/mbed/TARGET_NUCLEO_L053R8/TOOLCHAIN_GCC_ARM\libmbed.a(mbed_gpio.o)
 .ARM.attributes
                0x0000040b       0x32 C:\CooCox\CoIDE_V2Beta\workspace\Nucleo_Prj/mbed/TARGET_NUCLEO_L053R8/TOOLCHAIN_GCC_ARM\libmbed.a(mbed_pinmap_common.o)
 .ARM.attributes
                0x0000043d       0x32 C:\CooCox\CoIDE_V2Beta\workspace\Nucleo_Prj/mbed/TARGET_NUCLEO_L053R8/TOOLCHAIN_GCC_ARM\libmbed.a(mbed_us_ticker_api.o)
 .ARM.attributes
                0x0000046f       0x32 C:\CooCox\CoIDE_V2Beta\workspace\Nucleo_Prj/mbed/TARGET_NUCLEO_L053R8/TOOLCHAIN_GCC_ARM\libmbed.a(mbed_wait_api.o)
 .ARM.attributes
                0x000004a1       0x32 C:\CooCox\CoIDE_V2Beta\workspace\Nucleo_Prj/mbed/TARGET_NUCLEO_L053R8/TOOLCHAIN_GCC_ARM\libmbed.a(PeripheralPins.o)
 .ARM.attributes
                0x000004d3       0x32 C:\CooCox\CoIDE_V2Beta\workspace\Nucleo_Prj/mbed/TARGET_NUCLEO_L053R8/TOOLCHAIN_GCC_ARM\libmbed.a(gpio_api.o)
 .ARM.attributes
                0x00000505       0x32 C:\CooCox\CoIDE_V2Beta\workspace\Nucleo_Prj/mbed/TARGET_NUCLEO_L053R8/TOOLCHAIN_GCC_ARM\libmbed.a(pinmap.o)
 .ARM.attributes
                0x00000537       0x32 C:\CooCox\CoIDE_V2Beta\workspace\Nucleo_Prj/mbed/TARGET_NUCLEO_L053R8/TOOLCHAIN_GCC_ARM\libmbed.a(mbed_ticker_api.o)
 .ARM.attributes
                0x00000569       0x1e c:/program files (x86)/gnu tools arm embedded/5.4 2016q2/bin/../lib/gcc/arm-none-eabi/5.4.1/armv6-m\libgcc.a(_thumb1_case_uqi.o)
 .ARM.attributes
                0x00000587       0x1e c:/program files (x86)/gnu tools arm embedded/5.4 2016q2/bin/../lib/gcc/arm-none-eabi/5.4.1/armv6-m\libgcc.a(_udivsi3.o)
 .ARM.attributes
                0x000005a5       0x1e c:/program files (x86)/gnu tools arm embedded/5.4 2016q2/bin/../lib/gcc/arm-none-eabi/5.4.1/armv6-m\libgcc.a(_dvmd_tls.o)
 .ARM.attributes
                0x000005c3       0x2c c:/program files (x86)/gnu tools arm embedded/5.4 2016q2/bin/../lib/gcc/arm-none-eabi/5.4.1/armv6-m\libgcc.a(_fixunsdfsi.o)
 .ARM.attributes
                0x000005ef       0x2c c:/program files (x86)/gnu tools arm embedded/5.4 2016q2/bin/../lib/gcc/arm-none-eabi/5.4.1/armv6-m\libgcc.a(mulsf3.o)
 .ARM.attributes
                0x0000061b       0x2c c:/program files (x86)/gnu tools arm embedded/5.4 2016q2/bin/../lib/gcc/arm-none-eabi/5.4.1/armv6-m\libgcc.a(fixsfsi.o)
 .ARM.attributes
                0x00000647       0x2c c:/program files (x86)/gnu tools arm embedded/5.4 2016q2/bin/../lib/gcc/arm-none-eabi/5.4.1/armv6-m\libgcc.a(divdf3.o)
 .ARM.attributes
                0x00000673       0x2c c:/program files (x86)/gnu tools arm embedded/5.4 2016q2/bin/../lib/gcc/arm-none-eabi/5.4.1/armv6-m\libgcc.a(muldf3.o)
 .ARM.attributes
                0x0000069f       0x2c c:/program files (x86)/gnu tools arm embedded/5.4 2016q2/bin/../lib/gcc/arm-none-eabi/5.4.1/armv6-m\libgcc.a(subdf3.o)
 .ARM.attributes
                0x000006cb       0x2c c:/program files (x86)/gnu tools arm embedded/5.4 2016q2/bin/../lib/gcc/arm-none-eabi/5.4.1/armv6-m\libgcc.a(fixdfsi.o)
 .ARM.attributes
                0x000006f7       0x2c c:/program files (x86)/gnu tools arm embedded/5.4 2016q2/bin/../lib/gcc/arm-none-eabi/5.4.1/armv6-m\libgcc.a(floatunsidf.o)
 .ARM.attributes
                0x00000723       0x1e c:/program files (x86)/gnu tools arm embedded/5.4 2016q2/bin/../lib/gcc/arm-none-eabi/5.4.1/armv6-m\libgcc.a(_arm_cmpdf2.o)
 .ARM.attributes
                0x00000741       0x1e c:/program files (x86)/gnu tools arm embedded/5.4 2016q2/bin/../lib/gcc/arm-none-eabi/5.4.1/armv6-m\libgcc.a(_clzsi2.o)
 .ARM.attributes
                0x0000075f       0x2c c:/program files (x86)/gnu tools arm embedded/5.4 2016q2/bin/../lib/gcc/arm-none-eabi/5.4.1/armv6-m\libgcc.a(eqdf2.o)
 .ARM.attributes
                0x0000078b       0x2c c:/program files (x86)/gnu tools arm embedded/5.4 2016q2/bin/../lib/gcc/arm-none-eabi/5.4.1/armv6-m\libgcc.a(gedf2.o)
 .ARM.attributes
                0x000007b7       0x2c c:/program files (x86)/gnu tools arm embedded/5.4 2016q2/bin/../lib/gcc/arm-none-eabi/5.4.1/armv6-m\libgcc.a(ledf2.o)
 .ARM.attributes
                0x000007e3       0x2c c:/program files (x86)/gnu tools arm embedded/5.4 2016q2/bin/../lib/gcc/arm-none-eabi/5.4.1/../../../../arm-none-eabi/lib/armv6-m\libc_nano.a(lib_a-exit.o)
 .ARM.attributes
                0x0000080f       0x2c c:/program files (x86)/gnu tools arm embedded/5.4 2016q2/bin/../lib/gcc/arm-none-eabi/5.4.1/../../../../arm-none-eabi/lib/armv6-m\libc_nano.a(lib_a-fflush.o)
 .ARM.attributes
                0x0000083b       0x2c c:/program files (x86)/gnu tools arm embedded/5.4 2016q2/bin/../lib/gcc/arm-none-eabi/5.4.1/../../../../arm-none-eabi/lib/armv6-m\libc_nano.a(lib_a-findfp.o)
 .ARM.attributes
                0x00000867       0x2c c:/program files (x86)/gnu tools arm embedded/5.4 2016q2/bin/../lib/gcc/arm-none-eabi/5.4.1/../../../../arm-none-eabi/lib/armv6-m\libc_nano.a(lib_a-fwalk.o)
 .ARM.attributes
                0x00000893       0x2c c:/program files (x86)/gnu tools arm embedded/5.4 2016q2/bin/../lib/gcc/arm-none-eabi/5.4.1/../../../../arm-none-eabi/lib/armv6-m\libc_nano.a(lib_a-impure.o)
 .ARM.attributes
                0x000008bf       0x2c c:/program files (x86)/gnu tools arm embedded/5.4 2016q2/bin/../lib/gcc/arm-none-eabi/5.4.1/../../../../arm-none-eabi/lib/armv6-m\libc_nano.a(lib_a-init.o)
 .ARM.attributes
                0x000008eb       0x2c c:/program files (x86)/gnu tools arm embedded/5.4 2016q2/bin/../lib/gcc/arm-none-eabi/5.4.1/../../../../arm-none-eabi/lib/armv6-m\libc_nano.a(lib_a-memchr-stub.o)
 .ARM.attributes
                0x00000917       0x2c c:/program files (x86)/gnu tools arm embedded/5.4 2016q2/bin/../lib/gcc/arm-none-eabi/5.4.1/../../../../arm-none-eabi/lib/armv6-m\libc_nano.a(lib_a-memcpy-stub.o)
 .ARM.attributes
                0x00000943       0x2c c:/program files (x86)/gnu tools arm embedded/5.4 2016q2/bin/../lib/gcc/arm-none-eabi/5.4.1/../../../../arm-none-eabi/lib/armv6-m\libc_nano.a(lib_a-memset.o)
 .ARM.attributes
                0x0000096f       0x2c c:/program files (x86)/gnu tools arm embedded/5.4 2016q2/bin/../lib/gcc/arm-none-eabi/5.4.1/../../../../arm-none-eabi/lib/armv6-m\libc_nano.a(lib_a-nano-freer.o)
 .ARM.attributes
                0x0000099b       0x2c c:/program files (x86)/gnu tools arm embedded/5.4 2016q2/bin/../lib/gcc/arm-none-eabi/5.4.1/../../../../arm-none-eabi/lib/armv6-m\libc_nano.a(lib_a-nano-mallocr.o)
 .ARM.attributes
                0x000009c7       0x2c c:/program files (x86)/gnu tools arm embedded/5.4 2016q2/bin/../lib/gcc/arm-none-eabi/5.4.1/../../../../arm-none-eabi/lib/armv6-m\libc_nano.a(lib_a-reent.o)
 .ARM.attributes
                0x000009f3       0x2c c:/program files (x86)/gnu tools arm embedded/5.4 2016q2/bin/../lib/gcc/arm-none-eabi/5.4.1/../../../../arm-none-eabi/lib/armv6-m\libc_nano.a(lib_a-sbrkr.o)
 .ARM.attributes
                0x00000a1f       0x2c c:/program files (x86)/gnu tools arm embedded/5.4 2016q2/bin/../lib/gcc/arm-none-eabi/5.4.1/../../../../arm-none-eabi/lib/armv6-m\libc_nano.a(lib_a-stdio.o)
 .ARM.attributes
                0x00000a4b       0x2c c:/program files (x86)/gnu tools arm embedded/5.4 2016q2/bin/../lib/gcc/arm-none-eabi/5.4.1/../../../../arm-none-eabi/lib/armv6-m\libc_nano.a(lib_a-vsprintf.o)
 .ARM.attributes
                0x00000a77       0x2c c:/program files (x86)/gnu tools arm embedded/5.4 2016q2/bin/../lib/gcc/arm-none-eabi/5.4.1/../../../../arm-none-eabi/lib/armv6-m\libc_nano.a(lib_a-writer.o)
 .ARM.attributes
                0x00000aa3       0x2c c:/program files (x86)/gnu tools arm embedded/5.4 2016q2/bin/../lib/gcc/arm-none-eabi/5.4.1/../../../../arm-none-eabi/lib/armv6-m\libc_nano.a(lib_a-closer.o)
 .ARM.attributes
                0x00000acf       0x2c c:/program files (x86)/gnu tools arm embedded/5.4 2016q2/bin/../lib/gcc/arm-none-eabi/5.4.1/../../../../arm-none-eabi/lib/armv6-m\libc_nano.a(lib_a-lseekr.o)
 .ARM.attributes
                0x00000afb       0x2c c:/program files (x86)/gnu tools arm embedded/5.4 2016q2/bin/../lib/gcc/arm-none-eabi/5.4.1/../../../../arm-none-eabi/lib/armv6-m\libc_nano.a(lib_a-nano-svfprintf.o)
 .ARM.attributes
                0x00000b27       0x2c c:/program files (x86)/gnu tools arm embedded/5.4 2016q2/bin/../lib/gcc/arm-none-eabi/5.4.1/../../../../arm-none-eabi/lib/armv6-m\libc_nano.a(lib_a-nano-vfprintf_i.o)
 .ARM.attributes
                0x00000b53       0x2c c:/program files (x86)/gnu tools arm embedded/5.4 2016q2/bin/../lib/gcc/arm-none-eabi/5.4.1/../../../../arm-none-eabi/lib/armv6-m\libc_nano.a(lib_a-readr.o)
 .ARM.attributes
                0x00000b7f       0x2c c:/program files (x86)/gnu tools arm embedded/5.4 2016q2/bin/../lib/gcc/arm-none-eabi/5.4.1/../../../../arm-none-eabi/lib/armv6-m\libc_nano.a(lib_a-memmove.o)
 .ARM.attributes
                0x00000bab       0x2c c:/program files (x86)/gnu tools arm embedded/5.4 2016q2/bin/../lib/gcc/arm-none-eabi/5.4.1/../../../../arm-none-eabi/lib/armv6-m\libc_nano.a(lib_a-nano-reallocr.o)
 .ARM.attributes
                0x00000bd7       0x2c c:/program files (x86)/gnu tools arm embedded/5.4 2016q2/bin/../lib/gcc/arm-none-eabi/5.4.1/../../../../arm-none-eabi/lib/armv6-m\libc_nano.a(lib_a-nano-msizer.o)
 .ARM.attributes
                0x00000c03       0x2c c:/program files (x86)/gnu tools arm embedded/5.4 2016q2/bin/../lib/gcc/arm-none-eabi/5.4.1/armv6-m/crtend.o
 .ARM.attributes
                0x00000c2f       0x1e c:/program files (x86)/gnu tools arm embedded/5.4 2016q2/bin/../lib/gcc/arm-none-eabi/5.4.1/armv6-m/crtn.o

.comment        0x00000000       0xde
 .comment       0x00000000       0x70 C:\CooCox\CoIDE_V2Beta\workspace\Nucleo_Prj/mbed/TARGET_NUCLEO_L053R8/TOOLCHAIN_GCC_ARM/cmsis_nvic.o
                                 0x71 (size before relaxing)
 .comment       0x00000070       0x71 C:\CooCox\CoIDE_V2Beta\workspace\Nucleo_Prj/mbed/TARGET_NUCLEO_L053R8/TOOLCHAIN_GCC_ARM/hal_tick.o
 .comment       0x00000070       0x71 C:\CooCox\CoIDE_V2Beta\workspace\Nucleo_Prj/mbed/TARGET_NUCLEO_L053R8/TOOLCHAIN_GCC_ARM/mbed_board.o
 .comment       0x00000070       0x71 C:\CooCox\CoIDE_V2Beta\workspace\Nucleo_Prj/mbed/TARGET_NUCLEO_L053R8/TOOLCHAIN_GCC_ARM/mbed_overrides.o
 .comment       0x00000070       0x71 C:\CooCox\CoIDE_V2Beta\workspace\Nucleo_Prj/mbed/TARGET_NUCLEO_L053R8/TOOLCHAIN_GCC_ARM/retarget.o
 .comment       0x00000070       0x71 C:\CooCox\CoIDE_V2Beta\workspace\Nucleo_Prj/mbed/TARGET_NUCLEO_L053R8/TOOLCHAIN_GCC_ARM/stm32l0xx_hal.o
 .comment       0x00000070       0x71 C:\CooCox\CoIDE_V2Beta\workspace\Nucleo_Prj/mbed/TARGET_NUCLEO_L053R8/TOOLCHAIN_GCC_ARM/stm32l0xx_hal_gpio.o
 .comment       0x00000070       0x71 C:\CooCox\CoIDE_V2Beta\workspace\Nucleo_Prj/mbed/TARGET_NUCLEO_L053R8/TOOLCHAIN_GCC_ARM/stm32l0xx_hal_rcc.o
 .comment       0x00000070       0x71 C:\CooCox\CoIDE_V2Beta\workspace\Nucleo_Prj/mbed/TARGET_NUCLEO_L053R8/TOOLCHAIN_GCC_ARM/stm32l0xx_hal_tim.o
 .comment       0x00000070       0x71 C:\CooCox\CoIDE_V2Beta\workspace\Nucleo_Prj/mbed/TARGET_NUCLEO_L053R8/TOOLCHAIN_GCC_ARM/stm32l0xx_hal_uart.o
 .comment       0x00000070       0x71 C:\CooCox\CoIDE_V2Beta\workspace\Nucleo_Prj/mbed/TARGET_NUCLEO_L053R8/TOOLCHAIN_GCC_ARM/system_stm32l0xx.o
 .comment       0x00000070       0x6e ..\obj\main.o
                                 0x6f (size before relaxing)
 .comment       0x000000de       0x71 C:\CooCox\CoIDE_V2Beta\workspace\Nucleo_Prj/mbed/TARGET_NUCLEO_L053R8/TOOLCHAIN_GCC_ARM\libmbed.a(serial_api.o)
 .comment       0x000000de       0x71 C:\CooCox\CoIDE_V2Beta\workspace\Nucleo_Prj/mbed/TARGET_NUCLEO_L053R8/TOOLCHAIN_GCC_ARM\libmbed.a(us_ticker.o)
 .comment       0x000000de       0x71 C:\CooCox\CoIDE_V2Beta\workspace\Nucleo_Prj/mbed/TARGET_NUCLEO_L053R8/TOOLCHAIN_GCC_ARM\libmbed.a(mbed_assert.o)
 .comment       0x000000de       0x71 C:\CooCox\CoIDE_V2Beta\workspace\Nucleo_Prj/mbed/TARGET_NUCLEO_L053R8/TOOLCHAIN_GCC_ARM\libmbed.a(mbed_error.o)
 .comment       0x000000de       0x71 C:\CooCox\CoIDE_V2Beta\workspace\Nucleo_Prj/mbed/TARGET_NUCLEO_L053R8/TOOLCHAIN_GCC_ARM\libmbed.a(mbed_critical.o)
 .comment       0x000000de       0x71 C:\CooCox\CoIDE_V2Beta\workspace\Nucleo_Prj/mbed/TARGET_NUCLEO_L053R8/TOOLCHAIN_GCC_ARM\libmbed.a(mbed_gpio.o)
 .comment       0x000000de       0x71 C:\CooCox\CoIDE_V2Beta\workspace\Nucleo_Prj/mbed/TARGET_NUCLEO_L053R8/TOOLCHAIN_GCC_ARM\libmbed.a(mbed_pinmap_common.o)
 .comment       0x000000de       0x71 C:\CooCox\CoIDE_V2Beta\workspace\Nucleo_Prj/mbed/TARGET_NUCLEO_L053R8/TOOLCHAIN_GCC_ARM\libmbed.a(mbed_us_ticker_api.o)
 .comment       0x000000de       0x71 C:\CooCox\CoIDE_V2Beta\workspace\Nucleo_Prj/mbed/TARGET_NUCLEO_L053R8/TOOLCHAIN_GCC_ARM\libmbed.a(mbed_wait_api.o)
 .comment       0x000000de       0x71 C:\CooCox\CoIDE_V2Beta\workspace\Nucleo_Prj/mbed/TARGET_NUCLEO_L053R8/TOOLCHAIN_GCC_ARM\libmbed.a(PeripheralPins.o)
 .comment       0x000000de       0x71 C:\CooCox\CoIDE_V2Beta\workspace\Nucleo_Prj/mbed/TARGET_NUCLEO_L053R8/TOOLCHAIN_GCC_ARM\libmbed.a(gpio_api.o)
 .comment       0x000000de       0x71 C:\CooCox\CoIDE_V2Beta\workspace\Nucleo_Prj/mbed/TARGET_NUCLEO_L053R8/TOOLCHAIN_GCC_ARM\libmbed.a(pinmap.o)
 .comment       0x000000de       0x71 C:\CooCox\CoIDE_V2Beta\workspace\Nucleo_Prj/mbed/TARGET_NUCLEO_L053R8/TOOLCHAIN_GCC_ARM\libmbed.a(mbed_ticker_api.o)

.debug_info     0x00000000     0x16a6
 .debug_info    0x00000000     0x16a6 ..\obj\main.o

.debug_abbrev   0x00000000      0x3b4
 .debug_abbrev  0x00000000      0x3b4 ..\obj\main.o

.debug_loc      0x00000000       0xae
 .debug_loc     0x00000000       0xae ..\obj\main.o

.debug_aranges  0x00000000       0x28
 .debug_aranges
                0x00000000       0x28 ..\obj\main.o

.debug_ranges   0x00000000       0x50
 .debug_ranges  0x00000000       0x50 ..\obj\main.o

.debug_line     0x00000000      0x519
 .debug_line    0x00000000      0x519 ..\obj\main.o

.debug_str      0x00000000      0xa8d
 .debug_str     0x00000000      0xa8d ..\obj\main.o
                                0xb5b (size before relaxing)

.debug_frame    0x00000000      0x8e0
 .debug_frame   0x00000000       0x40 ..\obj\main.o
 .debug_frame   0x00000040       0x20 c:/program files (x86)/gnu tools arm embedded/5.4 2016q2/bin/../lib/gcc/arm-none-eabi/5.4.1/armv6-m\libgcc.a(_udivsi3.o)
 .debug_frame   0x00000060       0x2c c:/program files (x86)/gnu tools arm embedded/5.4 2016q2/bin/../lib/gcc/arm-none-eabi/5.4.1/armv6-m\libgcc.a(_fixunsdfsi.o)
 .debug_frame   0x0000008c       0x38 c:/program files (x86)/gnu tools arm embedded/5.4 2016q2/bin/../lib/gcc/arm-none-eabi/5.4.1/armv6-m\libgcc.a(mulsf3.o)
 .debug_frame   0x000000c4       0x20 c:/program files (x86)/gnu tools arm embedded/5.4 2016q2/bin/../lib/gcc/arm-none-eabi/5.4.1/armv6-m\libgcc.a(fixsfsi.o)
 .debug_frame   0x000000e4       0x3c c:/program files (x86)/gnu tools arm embedded/5.4 2016q2/bin/../lib/gcc/arm-none-eabi/5.4.1/armv6-m\libgcc.a(divdf3.o)
 .debug_frame   0x00000120       0x3c c:/program files (x86)/gnu tools arm embedded/5.4 2016q2/bin/../lib/gcc/arm-none-eabi/5.4.1/armv6-m\libgcc.a(muldf3.o)
 .debug_frame   0x0000015c       0x38 c:/program files (x86)/gnu tools arm embedded/5.4 2016q2/bin/../lib/gcc/arm-none-eabi/5.4.1/armv6-m\libgcc.a(subdf3.o)
 .debug_frame   0x00000194       0x2c c:/program files (x86)/gnu tools arm embedded/5.4 2016q2/bin/../lib/gcc/arm-none-eabi/5.4.1/armv6-m\libgcc.a(fixdfsi.o)
 .debug_frame   0x000001c0       0x2c c:/program files (x86)/gnu tools arm embedded/5.4 2016q2/bin/../lib/gcc/arm-none-eabi/5.4.1/armv6-m\libgcc.a(floatunsidf.o)
 .debug_frame   0x000001ec       0x38 c:/program files (x86)/gnu tools arm embedded/5.4 2016q2/bin/../lib/gcc/arm-none-eabi/5.4.1/armv6-m\libgcc.a(eqdf2.o)
 .debug_frame   0x00000224       0x38 c:/program files (x86)/gnu tools arm embedded/5.4 2016q2/bin/../lib/gcc/arm-none-eabi/5.4.1/armv6-m\libgcc.a(gedf2.o)
 .debug_frame   0x0000025c       0x38 c:/program files (x86)/gnu tools arm embedded/5.4 2016q2/bin/../lib/gcc/arm-none-eabi/5.4.1/armv6-m\libgcc.a(ledf2.o)
 .debug_frame   0x00000294       0x28 c:/program files (x86)/gnu tools arm embedded/5.4 2016q2/bin/../lib/gcc/arm-none-eabi/5.4.1/../../../../arm-none-eabi/lib/armv6-m\libc_nano.a(lib_a-exit.o)
 .debug_frame   0x000002bc       0x68 c:/program files (x86)/gnu tools arm embedded/5.4 2016q2/bin/../lib/gcc/arm-none-eabi/5.4.1/../../../../arm-none-eabi/lib/armv6-m\libc_nano.a(lib_a-fflush.o)
 .debug_frame   0x00000324      0x140 c:/program files (x86)/gnu tools arm embedded/5.4 2016q2/bin/../lib/gcc/arm-none-eabi/5.4.1/../../../../arm-none-eabi/lib/armv6-m\libc_nano.a(lib_a-findfp.o)
 .debug_frame   0x00000464       0x58 c:/program files (x86)/gnu tools arm embedded/5.4 2016q2/bin/../lib/gcc/arm-none-eabi/5.4.1/../../../../arm-none-eabi/lib/armv6-m\libc_nano.a(lib_a-fwalk.o)
 .debug_frame   0x000004bc       0x2c c:/program files (x86)/gnu tools arm embedded/5.4 2016q2/bin/../lib/gcc/arm-none-eabi/5.4.1/../../../../arm-none-eabi/lib/armv6-m\libc_nano.a(lib_a-init.o)
 .debug_frame   0x000004e8       0x20 c:/program files (x86)/gnu tools arm embedded/5.4 2016q2/bin/../lib/gcc/arm-none-eabi/5.4.1/../../../../arm-none-eabi/lib/armv6-m\libc_nano.a(lib_a-memchr-stub.o)
 .debug_frame   0x00000508       0x28 c:/program files (x86)/gnu tools arm embedded/5.4 2016q2/bin/../lib/gcc/arm-none-eabi/5.4.1/../../../../arm-none-eabi/lib/armv6-m\libc_nano.a(lib_a-memcpy-stub.o)
 .debug_frame   0x00000530       0x20 c:/program files (x86)/gnu tools arm embedded/5.4 2016q2/bin/../lib/gcc/arm-none-eabi/5.4.1/../../../../arm-none-eabi/lib/armv6-m\libc_nano.a(lib_a-memset.o)
 .debug_frame   0x00000550       0x2c c:/program files (x86)/gnu tools arm embedded/5.4 2016q2/bin/../lib/gcc/arm-none-eabi/5.4.1/../../../../arm-none-eabi/lib/armv6-m\libc_nano.a(lib_a-nano-freer.o)
 .debug_frame   0x0000057c       0x2c c:/program files (x86)/gnu tools arm embedded/5.4 2016q2/bin/../lib/gcc/arm-none-eabi/5.4.1/../../../../arm-none-eabi/lib/armv6-m\libc_nano.a(lib_a-nano-mallocr.o)
 .debug_frame   0x000005a8       0x48 c:/program files (x86)/gnu tools arm embedded/5.4 2016q2/bin/../lib/gcc/arm-none-eabi/5.4.1/../../../../arm-none-eabi/lib/armv6-m\libc_nano.a(lib_a-reent.o)
 .debug_frame   0x000005f0       0x2c c:/program files (x86)/gnu tools arm embedded/5.4 2016q2/bin/../lib/gcc/arm-none-eabi/5.4.1/../../../../arm-none-eabi/lib/armv6-m\libc_nano.a(lib_a-sbrkr.o)
 .debug_frame   0x0000061c       0x90 c:/program files (x86)/gnu tools arm embedded/5.4 2016q2/bin/../lib/gcc/arm-none-eabi/5.4.1/../../../../arm-none-eabi/lib/armv6-m\libc_nano.a(lib_a-stdio.o)
 .debug_frame   0x000006ac       0x44 c:/program files (x86)/gnu tools arm embedded/5.4 2016q2/bin/../lib/gcc/arm-none-eabi/5.4.1/../../../../arm-none-eabi/lib/armv6-m\libc_nano.a(lib_a-vsprintf.o)
 .debug_frame   0x000006f0       0x2c c:/program files (x86)/gnu tools arm embedded/5.4 2016q2/bin/../lib/gcc/arm-none-eabi/5.4.1/../../../../arm-none-eabi/lib/armv6-m\libc_nano.a(lib_a-writer.o)
 .debug_frame   0x0000071c       0x2c c:/program files (x86)/gnu tools arm embedded/5.4 2016q2/bin/../lib/gcc/arm-none-eabi/5.4.1/../../../../arm-none-eabi/lib/armv6-m\libc_nano.a(lib_a-closer.o)
 .debug_frame   0x00000748       0x2c c:/program files (x86)/gnu tools arm embedded/5.4 2016q2/bin/../lib/gcc/arm-none-eabi/5.4.1/../../../../arm-none-eabi/lib/armv6-m\libc_nano.a(lib_a-lseekr.o)
 .debug_frame   0x00000774       0x74 c:/program files (x86)/gnu tools arm embedded/5.4 2016q2/bin/../lib/gcc/arm-none-eabi/5.4.1/../../../../arm-none-eabi/lib/armv6-m\libc_nano.a(lib_a-nano-svfprintf.o)
 .debug_frame   0x000007e8       0x54 c:/program files (x86)/gnu tools arm embedded/5.4 2016q2/bin/../lib/gcc/arm-none-eabi/5.4.1/../../../../arm-none-eabi/lib/armv6-m\libc_nano.a(lib_a-nano-vfprintf_i.o)
 .debug_frame   0x0000083c       0x2c c:/program files (x86)/gnu tools arm embedded/5.4 2016q2/bin/../lib/gcc/arm-none-eabi/5.4.1/../../../../arm-none-eabi/lib/armv6-m\libc_nano.a(lib_a-readr.o)
 .debug_frame   0x00000868       0x28 c:/program files (x86)/gnu tools arm embedded/5.4 2016q2/bin/../lib/gcc/arm-none-eabi/5.4.1/../../../../arm-none-eabi/lib/armv6-m\libc_nano.a(lib_a-memmove.o)
 .debug_frame   0x00000890       0x30 c:/program files (x86)/gnu tools arm embedded/5.4 2016q2/bin/../lib/gcc/arm-none-eabi/5.4.1/../../../../arm-none-eabi/lib/armv6-m\libc_nano.a(lib_a-nano-reallocr.o)
 .debug_frame   0x000008c0       0x20 c:/program files (x86)/gnu tools arm embedded/5.4 2016q2/bin/../lib/gcc/arm-none-eabi/5.4.1/../../../../arm-none-eabi/lib/armv6-m\libc_nano.a(lib_a-nano-msizer.o)

.stabstr        0x00000000       0x76
 .stabstr       0x00000000       0x76 c:/program files (x86)/gnu tools arm embedded/5.4 2016q2/bin/../lib/gcc/arm-none-eabi/5.4.1/../../../../arm-none-eabi/lib/armv6-m\libnosys.a(getpid.o)
